// Jest Snapshot v1, https://goo.gl/fbAQLP

exports[`<SearchResults /> render matches snapshot 1`] = `
<Loader
  isLoading={true}
  showSpinner={true}
  text="Searching..."
>
  <styled.div>
    <Styled(styled.h2)>
      NaN properties found
    </Styled(styled.h2)>
    <styled.div />
  </styled.div>
</Loader>
`;
