// Jest Snapshot v1, https://goo.gl/fbAQLP

exports[`<SearchResults /> render matches snapshot 1`] = `
<Fragment>
  <SearchResultsstyles__StyledResults>
    <Loader
      isLoading={false}
      showPrev={true}
      showSpinner={true}
      text="Getting Results..."
    >
      <SearchResultsstyles__SearchMarkdown />
    </Loader>
  </SearchResultsstyles__StyledResults>
</Fragment>
`;
