// Jest Snapshot v1, https://goo.gl/fbAQLP

exports[`<SearchResults /> render matches snapshot 1`] = `
<Fragment>
  <Loader
    isLoading={false}
    showSpinner={true}
    text="Getting Results..."
  >
    <SearchResultsstyles__StyledResults>
      <SearchResultsstyles__ResultsTitle>
        0 properties found
      </SearchResultsstyles__ResultsTitle>
      <SearchResultsstyles__Results />
    </SearchResultsstyles__StyledResults>
  </Loader>
</Fragment>
`;
