// Jest Snapshot v1, https://goo.gl/fbAQLP

exports[`BookingGuestInformationForm renders correctly with empty props 1`] = `
<styled.div>
  <Label
    className="title error"
    isError={false}
    text="Title"
  >
    <Select
      onChange={[Function]}
      options={
        Array [
          Object {
            "label": "None Set",
            "value": "",
          },
          Object {
            "label": "Master",
            "value": "master",
          },
          Object {
            "label": "Miss",
            "value": "miss",
          },
          Object {
            "label": "Mr.",
            "value": "mr",
          },
          Object {
            "label": "Mrs.",
            "value": "mrs",
          },
          Object {
            "label": "Ms.",
            "value": "ms",
          },
        ]
      }
      value=""
    />
  </Label>
  <Label
    className="firstName"
    isError={false}
    text="First Name"
  >
    <Styled(TextInputComponent)
      onChange={[Function]}
      value=""
    />
  </Label>
  <Label
    className="lastName"
    isError={false}
    text="Last Name"
  >
    <Styled(TextInputComponent)
      onChange={[Function]}
      value=""
    />
  </Label>
  <div
    className="flightInfo"
  >
    <Label
      className="flightInfoLabel"
    >
      Flight Information
    </Label>
    <Label
      className="arrivalNumber"
      isError={false}
      text="Arrival Number"
    >
      <Styled(TextInputComponent)
        onChange={[Function]}
        value=""
      />
    </Label>
    <Label
      className="arrivalDate"
      isError={false}
      text="Arrival Date"
    >
      <Component
        defaultSelectedDates={Array []}
        isSingleDateSelection={true}
        onDateChange={[Function]}
        render={[Function]}
      />
    </Label>
    <Label
      className="departureNumber"
      isError={false}
      text="Dearture Number"
    >
      <Styled(TextInputComponent)
        onChange={[Function]}
        value=""
      />
    </Label>
    <Label
      className="departureDate"
      isError={false}
      text="Departure Date"
    >
      <Component
        defaultSelectedDates={Array []}
        isSingleDateSelection={true}
        onDateChange={[Function]}
        render={[Function]}
      />
    </Label>
  </div>
  <div
    className="specialRequests"
  >
    <Label
      isError={false}
    >
      Special Requests
    </Label>
    <div
      className="twoColumn"
    >
      <Label
        inline={true}
        reverse={true}
        text="Crib Cob"
      >
        <Styled(Checkbox)
          checked={false}
          onChange={[Function]}
        />
      </Label>
      <Label
        inline={true}
        reverse={true}
        text="Bed Guard"
      >
        <Styled(Checkbox)
          checked={false}
          onChange={[Function]}
        />
      </Label>
      <Label
        inline={true}
        reverse={true}
        text="Adjacent Rooms"
      >
        <Styled(Checkbox)
          checked={false}
          onChange={[Function]}
        />
      </Label>
      <Label
        inline={true}
        reverse={true}
        text="Connecting Rooms"
      >
        <Styled(Checkbox)
          checked={false}
          onChange={[Function]}
        />
      </Label>
      <Label
        inline={true}
        reverse={true}
        text="Accessible Room"
      >
        <Styled(Checkbox)
          checked={false}
          onChange={[Function]}
        />
      </Label>
      <Label
        inline={true}
        reverse={true}
        text="Dietary"
      >
        <Styled(Checkbox)
          checked={false}
          onChange={[Function]}
        />
      </Label>
    </div>
  </div>
  <div
    className="comments"
  >
    <Label
      isError={false}
      text="Comments"
    >
      <styled.textarea
        onChange={[Function]}
        rows={5}
        value=""
      />
    </Label>
  </div>
</styled.div>
`;
