// Jest Snapshot v1, https://goo.gl/fbAQLP

exports[`pages reducer should handle FETCH_PAGE 1`] = `
Object {
  "error": undefined,
  "status": "LOADING",
}
`;

exports[`pages reducer should handle FETCH_PAGE_ERROR 1`] = `
Object {
  "error": undefined,
  "status": "LOADING",
}
`;

exports[`pages reducer should handle FETCH_PAGE_SUCCESS 1`] = `
Object {
  "error": undefined,
  "status": "LOADING",
}
`;
