// Jest Snapshot v1, https://goo.gl/fbAQLP

exports[`<AuthenticatedRoute /> render custom auth redirect route when not authenticated 1`] = `
<MockAuthRedirect
  component={[Function]}
  location={Object {}}
  path="/about-us"
/>
`;

exports[`<AuthenticatedRoute /> render message while authenticating 1`] = `
<Loader
  isLoading={true}
  showSpinner={true}
  title="Authenticating..."
/>
`;

exports[`<AuthenticatedRoute /> render redirect when not authenticated 1`] = `
<Redirect
  push={false}
  to="/login"
/>
`;

exports[`<AuthenticatedRoute /> render route when authenticated 1`] = `
<Redirect
  push={false}
  to="/login"
/>
`;
