// Jest Snapshot v1, https://goo.gl/fbAQLP

exports[`<DatePicker /> render matches snapshot 1`] = `
<styled.div>
  <DayPickerInput
    classNames={
      Object {
        "container": "DayPickerInput",
        "overlay": "DayPickerInput-Overlay",
        "overlayWrapper": "DayPickerInput-OverlayWrapper",
      }
    }
    clickUnselectsDay={false}
    component={
      Object {
        "$$typeof": Symbol(react.forward_ref),
        "render": [Function],
      }
    }
    dayPickerProps={
      Object {
        "classNames": Object {
          "body": "date-picker__body",
          "caption": "date-picker__caption",
          "container": "date-picker",
          "day": "date-picker__day",
          "disabled": "date-picker__disabled",
          "footer": "date-picker__footer",
          "interactionDisabled": "date-picker--disabled",
          "month": "date-picker__month",
          "months": "date-picker__months",
          "navBar": "date-picker__nav-bar",
          "navButtonInteractionDisabled": "date-picker--disabled",
          "navButtonNext": "date-picker__nav-bar_next",
          "navButtonPrev": "date-picker__nav-bar_prev",
          "outside": "date-picker__outside",
          "selected": "date-picker__selected",
          "today": "date-picker__today",
          "todayButton": "date-picker__today-button",
          "week": "date-picker__week",
          "weekday": "date-picker__week-day",
          "weekdays": "date-picker__week-days",
          "weekdaysRow": "date-picker__week-days__row",
          "wrapper": "date-picker__wrapper",
        },
        "firstDayOfWeek": 1,
        "fromMonth": "2019-03-02T18:06:32.784Z",
        "navbarElement": [Function],
        "onDayClick": [Function],
        "selectedDays": Array [
          undefined,
          Object {
            "from": undefined,
            "to": undefined,
          },
        ],
        "showOutsideDays": true,
        "weekdaysShort": Array [
          "S",
          "M",
          "T",
          "W",
          "T",
          "F",
          "S",
        ],
      }
    }
    format="L"
    formatDate={[Function]}
    hideOnDayClick={false}
    inputProps={Object {}}
    keepFocus={true}
    onDayPickerHide={[Function]}
    onDayPickerShow={[Function]}
    overlayComponent={[Function]}
    parseDate={[Function]}
    placeholder="YYYY-M-D"
    showOverlay={false}
    value=""
  />
</styled.div>
`;
