// Jest Snapshot v1, https://goo.gl/fbAQLP

exports[`<Search /> render matches snapshot 1`] = `
<Styled(withThemeProvider(styled.div))>
  <styled.div>
    <Styled(styled.div)>
      <Styled(withThemeProvider(Nt))
        to="/"
      >
        back to homepage
      </Styled(withThemeProvider(Nt))>
      <withRouter(Connect(Component)) />
    </Styled(styled.div)>
    <Styled(styled.div)>
      <Connect(Component) />
    </Styled(styled.div)>
  </styled.div>
</Styled(withThemeProvider(styled.div))>
`;
