// Jest Snapshot v1, https://goo.gl/fbAQLP

exports[`<Search /> render matches snapshot 1`] = `
<Searchstyles__StyledSearch>
  <Searchstyles__Columns>
    <Searchstyles__ColumnLeft>
      <Searchstyles__Back
        to="/"
      >
        back to homepage
      </Searchstyles__Back>
      <withRouter(Connect(SearchSidebar)) />
    </Searchstyles__ColumnLeft>
    <Searchstyles__ColumnRight>
      <Connect(Component) />
    </Searchstyles__ColumnRight>
  </Searchstyles__Columns>
</Searchstyles__StyledSearch>
`;
