// Jest Snapshot v1, https://goo.gl/fbAQLP

exports[`<Slider /> render matches snapshots 1`] = `
<Fragment>
  <GlobalStyleComponent />
  <Slider
    arrows={false}
    centerMode={true}
    centerPadding="20px"
    lazyLoad="ondemand"
    nextArrow={
      <ForwardRef>
        keyboard_arrow_right
      </ForwardRef>
    }
    prevArrow={
      <ForwardRef>
        keyboard_arrow_left
      </ForwardRef>
    }
  >
    <div
      key="1"
    />
    <div
      key="2"
    />
    <div
      key="3"
    />
  </Slider>
</Fragment>
`;
