// Jest Snapshot v1, https://goo.gl/fbAQLP

exports[`ErrorBoundary HOC displays component when no error 1`] = `
<ErrorBoundary>
  <MockComponent>
    <div>
      It works!
    </div>
  </MockComponent>
</ErrorBoundary>
`;

exports[`ErrorBoundary HOC displays error when component catches 1`] = `
<ErrorBoundary>
  <styled.div>
    <StyledComponent
      forwardedComponent={
        Object {
          "$$typeof": Symbol(react.forward_ref),
          "attrs": Array [],
          "componentStyle": ComponentStyle {
            "componentId": "sc-gqjmRU",
            "isStatic": true,
            "lastClassName": "cLUYeH",
            "rules": Array [
              "
  display: flex;
  align-items: center;
  justify-content: center;
  height: 100%;
  flex-direction: column;
",
            ],
          },
          "displayName": "styled.div",
          "foldedComponentIds": Array [],
          "render": [Function],
          "styledComponentId": "sc-gqjmRU",
          "target": "div",
          "toString": [Function],
          "warnTooManyClasses": [Function],
          "withComponent": [Function],
        }
      }
      forwardedRef={null}
    >
      <div
        className="sc-gqjmRU cLUYeH"
      >
        <Styled(styled.h1)>
          <StyledComponent
            forwardedComponent={
              Object {
                "$$typeof": Symbol(react.forward_ref),
                "attrs": Array [],
                "componentStyle": ComponentStyle {
                  "componentId": "sc-VigVT",
                  "isStatic": true,
                  "lastClassName": "euGmrl",
                  "rules": Array [
                    "
  ",
                    "
  color: ",
                    "#382A21",
                    ";
  font-size: 22px;
  font-weight: bold;
  margin: ",
                    "20",
                    "px;
",
                    "
",
                  ],
                },
                "displayName": "Styled(styled.h1)",
                "foldedComponentIds": Array [
                  "sc-bZQynM",
                ],
                "render": [Function],
                "styledComponentId": "sc-VigVT",
                "target": "h1",
                "toString": [Function],
                "warnTooManyClasses": [Function],
                "withComponent": [Function],
              }
            }
            forwardedRef={null}
          >
            <h1
              className="sc-bZQynM sc-VigVT euGmrl"
            >
              Something went wrong
            </h1>
          </StyledComponent>
        </Styled(styled.h1)>
        <Styled(styled.pre)>
          <StyledComponent
            forwardedComponent={
              Object {
                "$$typeof": Symbol(react.forward_ref),
                "attrs": Array [],
                "componentStyle": ComponentStyle {
                  "componentId": "sc-jTzLTM",
                  "isStatic": true,
                  "lastClassName": "eCMmlJ",
                  "rules": Array [],
                },
                "displayName": "Styled(styled.pre)",
                "foldedComponentIds": Array [
                  "sc-EHOje",
                ],
                "render": [Function],
                "styledComponentId": "sc-jTzLTM",
                "target": "pre",
                "toString": [Function],
                "warnTooManyClasses": [Function],
                "withComponent": [Function],
              }
            }
            forwardedRef={null}
          >
            <pre
              className="sc-EHOje sc-jTzLTM eCMmlJ"
            >
              Error: It doesn't work!
            </pre>
          </StyledComponent>
        </Styled(styled.pre)>
        <Styled(styled.pre)>
          <StyledComponent
            forwardedComponent={
              Object {
                "$$typeof": Symbol(react.forward_ref),
                "attrs": Array [],
                "componentStyle": ComponentStyle {
                  "componentId": "sc-jTzLTM",
                  "isStatic": true,
                  "lastClassName": "eCMmlJ",
                  "rules": Array [],
                },
                "displayName": "Styled(styled.pre)",
                "foldedComponentIds": Array [
                  "sc-EHOje",
                ],
                "render": [Function],
                "styledComponentId": "sc-jTzLTM",
                "target": "pre",
                "toString": [Function],
                "warnTooManyClasses": [Function],
                "withComponent": [Function],
              }
            }
            forwardedRef={null}
          >
            <pre
              className="sc-EHOje sc-jTzLTM eCMmlJ"
            >
              Ref: 
              ca5c2d93118cc215d7109b525da8f67c4a592154
            </pre>
          </StyledComponent>
        </Styled(styled.pre)>
      </div>
    </StyledComponent>
  </styled.div>
</ErrorBoundary>
`;
