// Jest Snapshot v1, https://goo.gl/fbAQLP

exports[`ErrorBoundary HOC displays component when no error 1`] = `
<ErrorBoundary>
  <MockComponent>
    <div>
      It works!
    </div>
  </MockComponent>
</ErrorBoundary>
`;

exports[`ErrorBoundary HOC displays error when component catches 1`] = `
<ErrorBoundary>
  <ErrorBoundarystyles__StyledErrorBoundary>
    <StyledComponent
      forwardedComponent={
        Object {
          "$$typeof": Symbol(react.forward_ref),
          "attrs": Array [],
          "componentStyle": ComponentStyle {
            "componentId": "ErrorBoundarystyles__StyledErrorBoundary-sc-26u569-0",
            "isStatic": true,
            "lastClassName": "domZyq",
            "rules": Array [
              "display:flex;align-items:center;justify-content:center;height:100%;flex-direction:column;",
            ],
          },
          "displayName": "ErrorBoundarystyles__StyledErrorBoundary",
          "foldedComponentIds": Array [],
          "render": [Function],
          "styledComponentId": "ErrorBoundarystyles__StyledErrorBoundary-sc-26u569-0",
          "target": "div",
          "toString": [Function],
          "warnTooManyClasses": [Function],
          "withComponent": [Function],
        }
      }
      forwardedRef={null}
    >
      <div
        className="ErrorBoundarystyles__StyledErrorBoundary-sc-26u569-0 domZyq"
      >
        <ErrorBoundarystyles__ErrorBoundaryTitle>
          <StyledComponent
            forwardedComponent={
              Object {
                "$$typeof": Symbol(react.forward_ref),
                "attrs": Array [],
                "componentStyle": ComponentStyle {
                  "componentId": "ErrorBoundarystyles__ErrorBoundaryTitle-sc-26u569-1",
                  "isStatic": true,
                  "lastClassName": "gEFevr",
                  "rules": Array [
                    "font-family:",
                    "NoeDisplay, \\"Open Sans\\", sans-serif",
                    ";letter-spacing:",
                    "1",
                    "px;",
                    " color:",
                    "#736A65",
                    ";font-size:",
                    "22",
                    "px;font-weight:",
                    "600",
                    ";margin:",
                    "20",
                    "px;",
                  ],
                },
                "displayName": "ErrorBoundarystyles__ErrorBoundaryTitle",
                "foldedComponentIds": Array [
                  "typography__Heading1-sc-1l0ca1t-0",
                ],
                "render": [Function],
                "styledComponentId": "ErrorBoundarystyles__ErrorBoundaryTitle-sc-26u569-1",
                "target": "h1",
                "toString": [Function],
                "warnTooManyClasses": [Function],
                "withComponent": [Function],
              }
            }
            forwardedRef={null}
          >
            <h1
              className="typography__Heading1-sc-1l0ca1t-0 ErrorBoundarystyles__ErrorBoundaryTitle-sc-26u569-1 gEFevr"
            >
              Something went wrong
            </h1>
          </StyledComponent>
        </ErrorBoundarystyles__ErrorBoundaryTitle>
        <ErrorBoundarystyles__ErrorBoundaryPre>
          <StyledComponent
            forwardedComponent={
              Object {
                "$$typeof": Symbol(react.forward_ref),
                "attrs": Array [],
                "componentStyle": ComponentStyle {
                  "componentId": "ErrorBoundarystyles__ErrorBoundaryPre-sc-26u569-2",
                  "isStatic": true,
                  "lastClassName": "iKAuqu",
                  "rules": Array [
                    "max-height:300px;overflow:auto;",
                  ],
                },
                "displayName": "ErrorBoundarystyles__ErrorBoundaryPre",
                "foldedComponentIds": Array [
                  "elements__Pre-lhmas5-5",
                ],
                "render": [Function],
                "styledComponentId": "ErrorBoundarystyles__ErrorBoundaryPre-sc-26u569-2",
                "target": "pre",
                "toString": [Function],
                "warnTooManyClasses": [Function],
                "withComponent": [Function],
              }
            }
            forwardedRef={null}
          >
            <pre
              className="elements__Pre-lhmas5-5 ErrorBoundarystyles__ErrorBoundaryPre-sc-26u569-2 iKAuqu"
            >
              Error: It doesn't work!
            </pre>
          </StyledComponent>
        </ErrorBoundarystyles__ErrorBoundaryPre>
        <ErrorBoundarystyles__ErrorBoundaryPre>
          <StyledComponent
            forwardedComponent={
              Object {
                "$$typeof": Symbol(react.forward_ref),
                "attrs": Array [],
                "componentStyle": ComponentStyle {
                  "componentId": "ErrorBoundarystyles__ErrorBoundaryPre-sc-26u569-2",
                  "isStatic": true,
                  "lastClassName": "iKAuqu",
                  "rules": Array [
                    "max-height:300px;overflow:auto;",
                  ],
                },
                "displayName": "ErrorBoundarystyles__ErrorBoundaryPre",
                "foldedComponentIds": Array [
                  "elements__Pre-lhmas5-5",
                ],
                "render": [Function],
                "styledComponentId": "ErrorBoundarystyles__ErrorBoundaryPre-sc-26u569-2",
                "target": "pre",
                "toString": [Function],
                "warnTooManyClasses": [Function],
                "withComponent": [Function],
              }
            }
            forwardedRef={null}
          >
            <pre
              className="elements__Pre-lhmas5-5 ErrorBoundarystyles__ErrorBoundaryPre-sc-26u569-2 iKAuqu"
            >
              Ref: 
              ca5c2d93118cc215d7109b525da8f67c4a592154
            </pre>
          </StyledComponent>
        </ErrorBoundarystyles__ErrorBoundaryPre>
      </div>
    </StyledComponent>
  </ErrorBoundarystyles__StyledErrorBoundary>
</ErrorBoundary>
`;
