// Jest Snapshot v1, https://goo.gl/fbAQLP

exports[`<LodgingSelect /> render matches snapshot 1`] = `
<LodgingSelectstyles__StyledLodgingSelect>
  <DropDownContent
    closeOnClickAway={false}
    contentOnly={false}
    inputContent="0 Rooms, 0 Guests"
    showArrow={true}
    showInput={true}
  >
    <LodgingSelectstyles__LodgingSelectSection>
      <LodgingSelectstyles__LodgingSelectEntry>
        <LodgingSelectstyles__LodgingSelectEntryLabel>
          Rooms
        </LodgingSelectstyles__LodgingSelectEntryLabel>
        <LodgingSelectstyles__LodgingSelectNumberSelect
          onAdd={[Function]}
          onRemove={[Function]}
          value={0}
        />
      </LodgingSelectstyles__LodgingSelectEntry>
    </LodgingSelectstyles__LodgingSelectSection>
    <LodgingSelectstyles__Tabs
      labels={Array []}
      onChange={[Function]}
      scrollButtons="auto"
      tabClassname="lodging-tab"
      value={0}
      variant="scrollable"
    />
  </DropDownContent>
</LodgingSelectstyles__StyledLodgingSelect>
`;
