// Jest Snapshot v1, https://goo.gl/fbAQLP

exports[`<Home /> render matches snapshot 1`] = `
<Homestyles__StyledHome>
  <Hero
    full={true}
    media={
      Object {
        "image": "",
        "video": Object {
          "path": "",
          "type": "mp4",
        },
      }
    }
    offsetBy={0}
  >
    <Markdown />
  </Hero>
  <Homestyles__HomeSection>
    <Homestyles__MoveTo
      onClick={[Function]}
      onTouchMove={[Function]}
    >
      keyboard_arrow_down
    </Homestyles__MoveTo>
    <Homestyles__HomeContainer>
      <Markdown />
    </Homestyles__HomeContainer>
  </Homestyles__HomeSection>
  <Homestyles__HomeSection
    data-striped={true}
  >
    <Homestyles__HomeContainer>
      <Markdown />
    </Homestyles__HomeContainer>
  </Homestyles__HomeSection>
  <Homestyles__HomeSection>
    <Homestyles__HomeContainer>
      <Markdown />
    </Homestyles__HomeContainer>
  </Homestyles__HomeSection>
  <Homestyles__HomeSection>
    <Homestyles__HomeContainer>
      <Markdown />
    </Homestyles__HomeContainer>
  </Homestyles__HomeSection>
  <Homestyles__HomeSection>
    <Homestyles__HomeContainer>
      <Markdown />
    </Homestyles__HomeContainer>
  </Homestyles__HomeSection>
</Homestyles__StyledHome>
`;
