// Jest Snapshot v1, https://goo.gl/fbAQLP

exports[`<Home /> render matches snapshot 1`] = `
<styled.div>
  <HelmetWrapper
    defer={true}
    encodeSpecialCharacters={true}
  >
    <title>
      Pure Escapes
    </title>
  </HelmetWrapper>
  <Hero
    full={true}
    image={null}
    offsetBy={120}
  >
    <Markdown>
      <type
        0="p"
        1="r"
        2="o"
        3="p"
        4="s"
        key="key"
      >
        rendered
      </type>
    </Markdown>
  </Hero>
</styled.div>
`;
