// Jest Snapshot v1, https://goo.gl/fbAQLP

exports[`<GuestSelect /> render matches snapshot 1`] = `
<styled.div>
  <styled.div>
    <styled.div>
      <Styled(withThemeProvider(Gn))>
        Rooms
      </Styled(withThemeProvider(Gn))>
      <Styled(withThemeProvider(ai))
        min={1}
        value={2}
      />
    </styled.div>
  </styled.div>
  <Styled(withThemeProvider(Du))
    labels={
      Array [
        <ForwardRef(styled.span)
          data-error={false}
          value={0}
        >
          Room 
          1
        </ForwardRef(styled.span)>,
        <ForwardRef(styled.span)
          data-error={false}
          value={1}
        >
          Room 
          2
        </ForwardRef(styled.span)>,
      ]
    }
    scrollButtons="auto"
    variant="scrollable"
  >
    <Component
      ageRanges={
        Object {
          "adult": Object {},
        }
      }
      minMax={Object {}}
      onAgeSelectClose={[Function]}
      onAgeSelectOpen={[Function]}
      onSelect={[Function]}
      showAgeDropDown={
        Object {
          "adult": false,
        }
      }
    />
    <Component
      ageRanges={
        Object {
          "adult": Object {},
        }
      }
      minMax={Object {}}
      onAgeSelectClose={[Function]}
      onAgeSelectOpen={[Function]}
      onSelect={[Function]}
      showAgeDropDown={
        Object {
          "adult": false,
        }
      }
    />
  </Styled(withThemeProvider(Du))>
</styled.div>
`;
