// Jest Snapshot v1, https://goo.gl/fbAQLP

exports[`<Layout /> render matches snapshot 1`] = `
<Fragment>
  <HelmetWrapper
    defer={true}
    encodeSpecialCharacters={true}
  >
    <title>
      Pure Escapes
    </title>
  </HelmetWrapper>
  <styled.div>
    <SnackbarProvider
      anchorOrigin={
        Object {
          "horizontal": "right",
          "vertical": "top",
        }
      }
      dense={false}
      maxSnack={3}
      preventDuplicate={false}
    >
      <Component />
    </SnackbarProvider>
    <Styled(withAuthentication(Connect(Header)))
      currentPath=""
    />
    <styled.div>
      <h1>
        Some content
      </h1>
    </styled.div>
    <Styled(Connect(Footer))
      currentPath=""
    />
  </styled.div>
</Fragment>
`;
