// Jest Snapshot v1, https://goo.gl/fbAQLP

exports[`<Footer /> render matches snapshot 1`] = `
<styled.div>
  <Styled(styled.div)>
    <styled.div>
      <styled.div>
        <styled.div>
          <Markdown />
        </styled.div>
      </styled.div>
      <Styled(Menu)
        links={
          Array [
            Object {
              "href": "/about-us",
              "title": "About Us",
            },
            Object {
              "href": "/contact-us",
              "title": "Contact Us",
            },
            Object {
              "href": "/privacy-policy",
              "title": "Privacy Policy",
            },
            Object {
              "href": "/terms-and-conditions",
              "title": "Terms and Conditions",
            },
          ]
        }
      />
      <styled.div
        align="flex-end"
        flex={true}
      >
        <styled.div>
          <Styled(styled.p)>
            © 
            2019
             Pure Escapes
          </Styled(styled.p)>
        </styled.div>
      </styled.div>
    </styled.div>
  </Styled(styled.div)>
</styled.div>
`;
