// Jest Snapshot v1, https://goo.gl/fbAQLP

exports[`<Footer /> render matches snapshot 1`] = `
<Footerstyles__StyledFooter>
  <Footerstyles__FooterContainer>
    <Footerstyles__FooterColumns>
      <Footerstyles__FooterColumn>
        <Footerstyles__FooterText>
          <Markdown />
        </Footerstyles__FooterText>
      </Footerstyles__FooterColumn>
      <Footerstyles__FooterMenu
        links={
          Array [
            Object {
              "href": "/about-us",
              "title": "About Us",
            },
            Object {
              "href": "/contact-us",
              "title": "Contact Us",
            },
            Object {
              "href": "/privacy-policy",
              "title": "Privacy Policy",
            },
            Object {
              "href": "/terms-and-conditions",
              "title": "Terms and Conditions",
            },
          ]
        }
      />
      <Footerstyles__FooterColumn
        align="flex-end"
        flex={true}
      >
        <Footerstyles__FooterCopyright>
          <Footerstyles__FooterCopyrightText>
            © 
            2019
             Pure Escapes
          </Footerstyles__FooterCopyrightText>
        </Footerstyles__FooterCopyright>
      </Footerstyles__FooterColumn>
    </Footerstyles__FooterColumns>
  </Footerstyles__FooterContainer>
</Footerstyles__StyledFooter>
`;
