// Jest Snapshot v1, https://goo.gl/fbAQLP

exports[`<HotelContainer /> render matches snapshot 1`] = `
<Loader
  isLoading={true}
  showSpinner={true}
  text="Getting hotel details..."
>
  <HotelContainerstyles__StyledHotelContainer>
    <HotelContainerstyles__StyledBreadcrumbs
      links={
        Array [
          Object {
            "label": <ForwardRef
              to="/search"
            >
              back to search results
            </ForwardRef>,
          },
          Object {
            "label": undefined,
            "to": "/hotels/undefined",
          },
        ]
      }
    />
    <HotelContainerstyles__Full>
      <HotelContainerstyles__StyledHotel />
      <HotelContainerstyles__Aside>
        <HotelContainerstyles__StyledSummary
          onSubmit={[Function]}
        >
          <Component />
        </HotelContainerstyles__StyledSummary>
      </HotelContainerstyles__Aside>
    </HotelContainerstyles__Full>
  </HotelContainerstyles__StyledHotelContainer>
</Loader>
`;
