// Jest Snapshot v1, https://goo.gl/fbAQLP

exports[`<HotelContainer /> render matches snapshot 1`] = `
<Loader
  isLoading={true}
  showSpinner={true}
  text="Getting hotel details..."
>
  <Styled(styled.div)>
    <Styled(withRouter(Breadcrumbs))
      links={
        Array [
          Object {
            "label": <ForwardRef
              to="/search"
            >
              back to search results
            </ForwardRef>,
          },
          Object {
            "label": undefined,
            "to": "/hotels/undefined",
          },
        ]
      }
    />
    <styled.div>
      <Styled(Hotel)
        onRoomSelect={[Function]}
      />
      <styled.aside>
        <Connect(Component)
          Component={
            Object {
              "$$typeof": Symbol(react.forward_ref),
              "WrappedComponent": [Function],
              "attrs": Array [],
              "componentStyle": ComponentStyle {
                "componentId": "sc-hkbPbT",
                "isStatic": true,
                "rules": Array [],
              },
              "displayName": "Styled(withRouter(SummaryForm))",
              "foldedComponentIds": Array [],
              "render": [Function],
              "styledComponentId": "sc-hkbPbT",
              "target": [Function],
              "toString": [Function],
              "warnTooManyClasses": [Function],
              "withComponent": [Function],
            }
          }
        />
      </styled.aside>
    </styled.div>
  </Styled(styled.div)>
</Loader>
`;
