// Jest Snapshot v1, https://goo.gl/fbAQLP

exports[`<Tabs /> render matches snapshot 1`] = `<Fragment />`;

exports[`<Tabs /> render matches snapshot 2`] = `
<Fragment>
  <Styled(WithStyles(Tabs))
    className="tabs"
    classes={
      Object {
        "indicator": "tab-line",
      }
    }
    onChange={[Function]}
    value={0}
  >
    <Styled(WithStyles(Tab))
      key="foo"
      label="foo"
    />
    <Styled(WithStyles(Tab))
      key="bar"
      label="bar"
    />
  </Styled(WithStyles(Tabs))>
</Fragment>
`;
