// Jest Snapshot v1, https://goo.gl/fbAQLP

exports[`<Card /> render matches snapshot 1`] = `
<Cardstyles__StyledCard>
  <Cardstyles__CardImage
    style={
      Object {
        "backgroundImage": "url(undefined)",
      }
    }
  />
  <Cardstyles__CardDetails>
    <Cardstyles__CardTitle />
    <Cardstyles__CardRating>
      <Cardstyles__CardStarRating>
        <Cardstyles__CardStar>
          star
        </Cardstyles__CardStar>
         
        <Cardstyles__CardStarText>
           
          Star
        </Cardstyles__CardStarText>
      </Cardstyles__CardStarRating>
      <Cardstyles__CardSecondaryRating />
    </Cardstyles__CardRating>
    <Cardstyles__CardHighlights />
    <Cardstyles__CardAdditionalInfo>
      <Cardstyles__CardAdditional />
    </Cardstyles__CardAdditionalInfo>
  </Cardstyles__CardDetails>
</Cardstyles__StyledCard>
`;
