// Jest Snapshot v1, https://goo.gl/fbAQLP

exports[`<App /> render matches snapshot 1`] = `
<withRouter(Layout)>
  <React.Suspense
    fallback={
      <Loader
        isLoading={true}
        showSpinner={true}
      />
    }
  >
    <Switch>
      <Route
        auth={true}
        authCheckIgnore={true}
        authComponent={
          Object {
            "$$typeof": Symbol(react.lazy),
            "_ctor": [Function],
            "_result": null,
            "_status": -1,
          }
        }
        exact={true}
        key="5f160202a8dcaaabeadf9bee291c623a7d3f1a1c"
        name="Root Path"
        path="/"
        render={[Function]}
      />
      <Route
        key="2ee726a5e790bd03f0d2000777a30a1eaa355525"
        name="Login"
        path="/login"
        render={[Function]}
      />
      <Route
        auth={true}
        ignore={true}
        key="389f64b2402428d0673fc85de311e5583f5b534a"
        name="Logout"
        path="/logout"
        render={[Function]}
      />
      <Route
        key="6dfe9ea18159fe3caf34d7cd34a21dac9e876f83"
        name="Create Account"
        path="/sign-up"
        render={[Function]}
      />
      <Route
        exact={true}
        key="303c6af8abda09ba1b1564a0efa89a9b982ead62"
        name="Password Reset"
        path="/password-reset"
        render={[Function]}
      />
      <Route
        exact={true}
        key="de6820d6f6cd78cb111a78ee07887aa7aa12c9a3"
        name="Password Reset"
        path="/password-reset/:token"
        render={[Function]}
      />
      <Route
        auth={true}
        key="17c782e7d4e39ebecc43aaf235a17a41bbf43b22"
        name="Search page"
        path="/search"
        render={[Function]}
      />
      <Route
        auth={true}
        exact={true}
        key="2ed872f49357b36ccc01eeae870296cad458e6d8"
        name="Hotel"
        path="/hotels/:id"
        render={[Function]}
      />
      <Route
        auth={true}
        exact={true}
        key="59ddfc228b73df48eb18c4906b4fb5b8772c7dbb"
        name="Hotel"
        path="/hotels/:id/:stage/:complete?"
        render={[Function]}
      />
      <Route
        auth={true}
        key="195978ee34e10dca100ed8c1df4ab91f99247f07"
        name="Proposal page"
        path="/proposals/:id/:stage?"
        render={[Function]}
      />
      <Route
        auth={true}
        key="3696bdeab0bf9acf2e4f7841de1cb8abca9ff8f2"
        name="Booking Details"
        path="/bookings/:id/:stage?"
        render={[Function]}
      />
      <Route
        auth={true}
        key="8fdf46ed087281dd3b50712d360ef51138a968b5"
        name="User"
        path="/settings/:section?"
        render={[Function]}
      />
      <Route
        exact={true}
        key="f8523930459db6784973f5c9dde9dba62842916d"
        name="Content Pages"
        path="/:pageId"
        render={[Function]}
      />
      <Route
        key="323217f643c3e3f1fe7532e72ac01bb0748c97be"
        name="Not Found"
        render={[Function]}
      />
    </Switch>
  </React.Suspense>
</withRouter(Layout)>
`;
