// Jest Snapshot v1, https://goo.gl/fbAQLP

exports[`<CreateAccountForm /> render matches snapshot 1`] = `
<CreateAccountFormstyles__StyledCreateAccount>
  <Loader
    isLoading={false}
    showSpinner={true}
    text="Sending Request..."
  >
    <Title>
      Create an Account
    </Title>
    <CreateAccountFormstyles__ServerErrorContent />
    <Form
      initialValues={
        Object {
          "agreeToTerms": false,
          "companySignupInfo": Object {
            "countryCode": "",
            "name": "",
          },
          "email": "",
          "firstName": "",
          "isExistingPartner": "false",
          "lastName": "",
          "mobileNumber": "",
          "phoneNumber": "",
          "title": "",
        }
      }
      onSubmit={[Function]}
      validateOnBlur={false}
      validateOnChange={false}
      validationSchema={
        ObjectSchema {
          "_blacklist": RefSet {
            "list": Set {},
            "refs": Map {},
          },
          "_conditions": Array [],
          "_defaultDefault": [Function],
          "_deps": Array [],
          "_excludedEdges": Array [],
          "_exclusive": Object {},
          "_mutate": false,
          "_nodes": Array [
            "agreeToTerms",
            "mobileNumber",
            "phoneNumber",
            "companySignupInfo",
            "email",
            "lastName",
            "firstName",
            "title",
          ],
          "_options": Object {
            "abortEarly": true,
            "recursive": true,
          },
          "_type": "object",
          "_typeError": [Function],
          "_whitelist": RefSet {
            "list": Set {},
            "refs": Map {},
          },
          "fields": Object {
            "agreeToTerms": StringSchema {
              "_blacklist": RefSet {
                "list": Set {},
                "refs": Map {},
              },
              "_conditions": Array [],
              "_deps": Array [],
              "_exclusive": Object {},
              "_mutate": false,
              "_options": Object {
                "abortEarly": true,
                "recursive": true,
              },
              "_type": "string",
              "_typeError": [Function],
              "_whitelist": RefSet {
                "list": Set {
                  "true",
                },
                "refs": Map {},
              },
              "_whitelistError": [Function],
              "tests": Array [],
              "transforms": Array [
                [Function],
              ],
            },
            "companySignupInfo": ObjectSchema {
              "_blacklist": RefSet {
                "list": Set {},
                "refs": Map {},
              },
              "_conditions": Array [],
              "_defaultDefault": [Function],
              "_deps": Array [],
              "_excludedEdges": Array [],
              "_exclusive": Object {},
              "_mutate": false,
              "_nodes": Array [
                "countryCode",
                "name",
              ],
              "_options": Object {
                "abortEarly": true,
                "recursive": true,
              },
              "_type": "object",
              "_typeError": [Function],
              "_whitelist": RefSet {
                "list": Set {},
                "refs": Map {},
              },
              "fields": Object {
                "countryCode": StringSchema {
                  "_blacklist": RefSet {
                    "list": Set {},
                    "refs": Map {},
                  },
                  "_conditions": Array [],
                  "_deps": Array [],
                  "_exclusive": Object {
                    "max": true,
                    "min": true,
                    "required": false,
                  },
                  "_mutate": false,
                  "_options": Object {
                    "abortEarly": true,
                    "recursive": true,
                  },
                  "_type": "string",
                  "_typeError": [Function],
                  "_whitelist": RefSet {
                    "list": Set {},
                    "refs": Map {},
                  },
                  "tests": Array [
                    [Function],
                    [Function],
                    [Function],
                    [Function],
                  ],
                  "transforms": Array [
                    [Function],
                  ],
                },
                "name": StringSchema {
                  "_blacklist": RefSet {
                    "list": Set {},
                    "refs": Map {},
                  },
                  "_conditions": Array [],
                  "_deps": Array [],
                  "_exclusive": Object {
                    "max": true,
                    "min": true,
                    "required": false,
                  },
                  "_mutate": false,
                  "_options": Object {
                    "abortEarly": true,
                    "recursive": true,
                  },
                  "_type": "string",
                  "_typeError": [Function],
                  "_whitelist": RefSet {
                    "list": Set {},
                    "refs": Map {},
                  },
                  "tests": Array [
                    [Function],
                    [Function],
                    [Function],
                    [Function],
                  ],
                  "transforms": Array [
                    [Function],
                  ],
                },
              },
              "tests": Array [],
              "transforms": Array [
                [Function],
              ],
            },
            "email": StringSchema {
              "_blacklist": RefSet {
                "list": Set {},
                "refs": Map {},
              },
              "_conditions": Array [],
              "_deps": Array [],
              "_exclusive": Object {
                "required": false,
                "undefined": false,
              },
              "_mutate": false,
              "_options": Object {
                "abortEarly": true,
                "recursive": true,
              },
              "_type": "string",
              "_typeError": [Function],
              "_whitelist": RefSet {
                "list": Set {},
                "refs": Map {},
              },
              "tests": Array [
                [Function],
                [Function],
                [Function],
              ],
              "transforms": Array [
                [Function],
              ],
            },
            "firstName": StringSchema {
              "_blacklist": RefSet {
                "list": Set {},
                "refs": Map {},
              },
              "_conditions": Array [],
              "_deps": Array [],
              "_exclusive": Object {
                "max": true,
                "min": true,
                "required": false,
              },
              "_mutate": false,
              "_options": Object {
                "abortEarly": true,
                "recursive": true,
              },
              "_type": "string",
              "_typeError": [Function],
              "_whitelist": RefSet {
                "list": Set {},
                "refs": Map {},
              },
              "tests": Array [
                [Function],
                [Function],
                [Function],
                [Function],
              ],
              "transforms": Array [
                [Function],
              ],
            },
            "lastName": StringSchema {
              "_blacklist": RefSet {
                "list": Set {},
                "refs": Map {},
              },
              "_conditions": Array [],
              "_deps": Array [],
              "_exclusive": Object {
                "max": true,
                "min": true,
                "required": false,
              },
              "_mutate": false,
              "_options": Object {
                "abortEarly": true,
                "recursive": true,
              },
              "_type": "string",
              "_typeError": [Function],
              "_whitelist": RefSet {
                "list": Set {},
                "refs": Map {},
              },
              "tests": Array [
                [Function],
                [Function],
                [Function],
                [Function],
              ],
              "transforms": Array [
                [Function],
              ],
            },
            "mobileNumber": StringSchema {
              "_blacklist": RefSet {
                "list": Set {},
                "refs": Map {},
              },
              "_conditions": Array [],
              "_deps": Array [],
              "_exclusive": Object {
                "required": false,
                "undefined": false,
              },
              "_mutate": false,
              "_options": Object {
                "abortEarly": true,
                "recursive": true,
              },
              "_type": "string",
              "_typeError": [Function],
              "_whitelist": RefSet {
                "list": Set {},
                "refs": Map {},
              },
              "tests": Array [
                [Function],
                [Function],
                [Function],
              ],
              "transforms": Array [
                [Function],
              ],
            },
            "phoneNumber": StringSchema {
              "_blacklist": RefSet {
                "list": Set {},
                "refs": Map {},
              },
              "_conditions": Array [],
              "_deps": Array [],
              "_exclusive": Object {
                "required": false,
                "undefined": false,
              },
              "_mutate": false,
              "_options": Object {
                "abortEarly": true,
                "recursive": true,
              },
              "_type": "string",
              "_typeError": [Function],
              "_whitelist": RefSet {
                "list": Set {},
                "refs": Map {},
              },
              "tests": Array [
                [Function],
                [Function],
                [Function],
              ],
              "transforms": Array [
                [Function],
              ],
            },
            "title": StringSchema {
              "_blacklist": RefSet {
                "list": Set {},
                "refs": Map {},
              },
              "_conditions": Array [],
              "_deps": Array [],
              "_exclusive": Object {
                "max": true,
                "min": true,
                "required": false,
              },
              "_mutate": false,
              "_options": Object {
                "abortEarly": true,
                "recursive": true,
              },
              "_type": "string",
              "_typeError": [Function],
              "_whitelist": RefSet {
                "list": Set {},
                "refs": Map {},
              },
              "tests": Array [
                [Function],
                [Function],
                [Function],
                [Function],
              ],
              "transforms": Array [
                [Function],
              ],
            },
          },
          "tests": Array [],
          "transforms": Array [
            [Function],
          ],
        }
      }
    >
      <Component />
    </Form>
  </Loader>
</CreateAccountFormstyles__StyledCreateAccount>
`;
