// Jest Snapshot v1, https://goo.gl/fbAQLP

exports[`<LodgingSelect /> render matches snapshot 1`] = `
<styled.div>
  <DropDownContent
    contentOnly={false}
    inputContent="0 Rooms, 0 Guests"
    showArrow={true}
    showInput={true}
  >
    <styled.div>
      <styled.div>
        <Styled(Label)>
          Rooms
        </Styled(Label)>
        <Styled(NumberSelect)
          onChange={[Function]}
          startAt={0}
        />
      </styled.div>
    </styled.div>
    <AgeSelect
      ageRanges={
        Object {
          "adult": Object {},
          "child": Object {
            "ageFrom": 2,
            "ageTo": 12,
          },
          "infant": Object {
            "ageFrom": 0,
            "ageTo": 2,
          },
          "teen": Object {
            "ageFrom": 13,
            "ageTo": 18,
          },
        }
      }
      minMax={Object {}}
      onSelect={[Function]}
      values={
        Object {
          "adult": 0,
          "child": 0,
          "infant": 0,
          "teen": 0,
        }
      }
    />
  </DropDownContent>
</styled.div>
`;
