// Jest Snapshot v1, https://goo.gl/fbAQLP

exports[`<Search /> render matches snapshot 1`] = `
<Fragment>
  <Searchstyles__SearchBarSection
    data-vertical={false}
  >
    <Searchstyles__SearchBarIndexSearch
      indexes={Array []}
      isLoading={false}
      label="Destination or resort"
      limit={5}
      onChange={[Function]}
      onClick={[Function]}
      openOnFocus={false}
      placeholder="Where to"
      searchPatterns={Array []}
      selectors={Array []}
    />
  </Searchstyles__SearchBarSection>
  <Searchstyles__SearchBarSection
    data-large={true}
    data-vertical={false}
  >
    <DatePicker
      dayPickerProps={
        Object {
          "month": 2019-06-17T21:31:44.166Z,
        }
      }
      label="Dates *"
      multiple={true}
      onSelected={[Function]}
      placeholder="Select dates"
      showOverlay={true}
      summaryText="Night"
      summaryTextPlural="Nights"
    />
  </Searchstyles__SearchBarSection>
  <Searchstyles__SearchBarSection
    data-vertical={false}
  >
    <LodgingSelect
      label="Lodging *"
      onSelected={[Function]}
      rooms={Array []}
    />
  </Searchstyles__SearchBarSection>
  <Searchstyles__SearchBarSection
    data-constrain={true}
    data-vertical={false}
  >
    <Checkbox
      checked={false}
      label="Honeymooners"
      onChange={[Function]}
    />
  </Searchstyles__SearchBarSection>
  <Searchstyles__SearchBarSection
    data-vertical={false}
  >
    <Searchstyles__SearchBarButton
      disabled={false}
      onClick={[Function]}
    >
      Search
    </Searchstyles__SearchBarButton>
  </Searchstyles__SearchBarSection>
</Fragment>
`;
