// Jest Snapshot v1, https://goo.gl/fbAQLP

exports[`<PasswordResetForm /> render matches snapshot 1`] = `
<styled.div>
  <withThemeProvider(Oa)
    isLoading={false}
    text="Requesting Password Reset..."
    theme={
      Object {
        "animations": Object {
          "defaultTransition": "ease-in-out 0.25s all",
        },
        "backgrounds": Object {
          "default": "#FFFFFF",
          "defaultOpacity": "rgba(248,248,248,0.85)",
          "light": "#F8F8F8",
          "secondary": "#F8F8F8",
          "whiteOpacity": "rgba(255,255,255, 0.9)",
        },
        "borders": Object {
          "default": "#E0E0E0",
          "medium": "#E9E8E9",
          "normal": "#EAEAEA",
          "range": "#816850",
          "secondary": "#E1E1E1",
        },
        "boxShadows": Object {
          "default": "4px 4px 8px 0 rgba(0,0,0,0.1)",
        },
        "breakpointSizes": Object {
          "desktop": 1280,
          "tablet": 700,
        },
        "breakpoints": Object {
          "desktop": [Function],
          "tablet": [Function],
        },
        "colors": Object {
          "aqua": "#D4F3EE",
          "black": "#373C46",
          "black-darker": "#333333",
          "black-light": "#999999",
          "black-secondary": "#9F9F9F",
          "gold": "#A18265",
          "gold-border": "#816850",
          "gold-dark": "#382A21",
          "gold-light": "#9D9591",
          "gold-neutral": "#736A65",
          "gold-opacity": "rgba(161,130,101, 0.75)",
          "gray": "#EAEAEA",
          "gray-dark": "#E0E0E0",
          "gray-faded": "#9d9591",
          "gray-label": "#736A65",
          "gray-light": "#F8F8F8",
          "gray-medium": "#E9E8E9",
          "gray-neutral": "#a18265",
          "gray-opacity-1": "rgba(0,0,0,0.35)",
          "gray-secondary": "#E1E1E1",
          "green": "#56d1bf",
          "light-blue": "#F3F9FB",
          "marine": "#56D1BF",
          "red-fade": "#FD5656",
          "white": "#FFFFFF",
          "white-opacity-1": "rgba(248,248,248,0.85)",
          "white-opacity-2": "rgba(255,255,255, 0.9)",
          "whiteish": "#F8F8F8",
          "yellow": "#f5a623",
        },
        "fonts": Object {
          "bold": 600,
          "bolder": 800,
          "defaultFont": "HurmeGeometricSans2, \\"Open Sans\\", sans-serif",
          "headingFont": "NoeDisplay, \\"Open Sans\\", sans-serif",
          "letterSpacing": Object {
            "medium": 0.5,
            "mid": 0.46,
            "whole": 1,
          },
          "light": 300,
          "lighter": 200,
          "normal": "normal",
          "sizes": Object {
            "big": 18,
            "bigger": 22,
            "default": 12,
            "less": 13,
            "link": 11,
            "mid": 16,
            "normal": 14,
          },
        },
        "muiTheme": Object {
          "backgrounds": Object {
            "default": "#FFFFFF",
            "defaultOpacity": "rgba(248,248,248,0.85)",
            "light": "#F8F8F8",
            "secondary": "#F8F8F8",
            "whiteOpacity": "rgba(255,255,255, 0.9)",
          },
          "borders": Object {
            "default": "#E0E0E0",
            "medium": "#E9E8E9",
            "normal": "#EAEAEA",
            "range": "#816850",
            "secondary": "#E1E1E1",
          },
          "breakpoints": Object {
            "between": [Function],
            "down": [Function],
            "keys": Array [
              "xs",
              "sm",
              "md",
              "lg",
              "xl",
            ],
            "only": [Function],
            "up": [Function],
            "values": Object {
              "lg": 1280,
              "md": 960,
              "sm": 600,
              "xl": 1920,
              "xs": 0,
            },
            "width": [Function],
          },
          "direction": "ltr",
          "fonts": Object {
            "bold": 600,
            "bolder": 800,
            "defaultFont": "HurmeGeometricSans2, \\"Open Sans\\", sans-serif",
            "headingFont": "NoeDisplay, \\"Open Sans\\", sans-serif",
            "letterSpacing": Object {
              "medium": 0.5,
              "mid": 0.46,
              "whole": 1,
            },
            "light": 300,
            "lighter": 200,
            "normal": "normal",
            "sizes": Object {
              "big": 18,
              "bigger": 22,
              "default": 12,
              "less": 13,
              "link": 11,
              "mid": 16,
              "normal": 14,
            },
          },
          "mixins": Object {
            "gutters": [Function],
            "toolbar": Object {
              "@media (min-width:0px) and (orientation: landscape)": Object {
                "minHeight": 48,
              },
              "@media (min-width:600px)": Object {
                "minHeight": 64,
              },
              "minHeight": 56,
            },
          },
          "overrides": Object {
            "MuiButton": Object {
              "label": Object {
                "color": "#FFFFFF",
                "fontSize": 12,
                "letterSpacing": "2px !important",
                "paddingRight": 10,
              },
              "root": Object {
                "backgroundColor": "#A18265",
                "borderRadius": 0,
              },
            },
            "Typography": Object {
              "body2": Object {
                "fontSize": 18,
              },
            },
          },
          "palette": Object {
            "action": Object {
              "activatedOpacity": 0.12,
              "active": "rgba(0, 0, 0, 0.54)",
              "disabled": "rgba(0, 0, 0, 0.26)",
              "disabledBackground": "rgba(0, 0, 0, 0.12)",
              "disabledOpacity": 0.38,
              "focus": "rgba(0, 0, 0, 0.12)",
              "focusOpacity": 0.12,
              "hover": "rgba(0, 0, 0, 0.04)",
              "hoverOpacity": 0.04,
              "selected": "rgba(0, 0, 0, 0.08)",
              "selectedOpacity": 0.08,
            },
            "augmentColor": [Function],
            "background": Object {
              "default": "#fafafa",
              "paper": "#fff",
            },
            "common": Object {
              "black": "#000",
              "white": "#fff",
            },
            "contrastThreshold": 3,
            "divider": "rgba(0, 0, 0, 0.12)",
            "error": Object {
              "contrastText": "#fff",
              "dark": "#d32f2f",
              "light": "#e57373",
              "main": "#f44336",
            },
            "getContrastText": [Function],
            "grey": Object {
              "100": "#f5f5f5",
              "200": "#eeeeee",
              "300": "#e0e0e0",
              "400": "#bdbdbd",
              "50": "#fafafa",
              "500": "#9e9e9e",
              "600": "#757575",
              "700": "#616161",
              "800": "#424242",
              "900": "#212121",
              "A100": "#d5d5d5",
              "A200": "#aaaaaa",
              "A400": "#303030",
              "A700": "#616161",
            },
            "info": Object {
              "contrastText": "#fff",
              "dark": "#1976d2",
              "light": "#64b5f6",
              "main": "#2196f3",
            },
            "primary": Object {
              "contrastText": "#fff",
              "dark": "rgb(112, 91, 70)",
              "light": "rgb(179, 155, 131)",
              "main": "#A18265",
            },
            "secondary": Object {
              "contrastText": "#fff",
              "dark": "rgb(39, 29, 23)",
              "light": "rgb(95, 84, 77)",
              "main": "#382A21",
            },
            "success": Object {
              "contrastText": "rgba(0, 0, 0, 0.87)",
              "dark": "#388e3c",
              "light": "#81c784",
              "main": "#4caf50",
            },
            "text": Object {
              "disabled": "rgba(0, 0, 0, 0.38)",
              "hint": "rgba(0, 0, 0, 0.38)",
              "primary": "rgba(0, 0, 0, 0.87)",
              "secondary": "rgba(0, 0, 0, 0.54)",
            },
            "tonalOffset": 0.2,
            "type": "light",
            "warning": Object {
              "contrastText": "rgba(0, 0, 0, 0.87)",
              "dark": "#f57c00",
              "light": "#ffb74d",
              "main": "#ff9800",
            },
          },
          "props": Object {},
          "shadows": Array [
            "none",
            "0px 2px 1px -1px rgba(0,0,0,0.2),0px 1px 1px 0px rgba(0,0,0,0.14),0px 1px 3px 0px rgba(0,0,0,0.12)",
            "0px 3px 1px -2px rgba(0,0,0,0.2),0px 2px 2px 0px rgba(0,0,0,0.14),0px 1px 5px 0px rgba(0,0,0,0.12)",
            "0px 3px 3px -2px rgba(0,0,0,0.2),0px 3px 4px 0px rgba(0,0,0,0.14),0px 1px 8px 0px rgba(0,0,0,0.12)",
            "0px 2px 4px -1px rgba(0,0,0,0.2),0px 4px 5px 0px rgba(0,0,0,0.14),0px 1px 10px 0px rgba(0,0,0,0.12)",
            "0px 3px 5px -1px rgba(0,0,0,0.2),0px 5px 8px 0px rgba(0,0,0,0.14),0px 1px 14px 0px rgba(0,0,0,0.12)",
            "0px 3px 5px -1px rgba(0,0,0,0.2),0px 6px 10px 0px rgba(0,0,0,0.14),0px 1px 18px 0px rgba(0,0,0,0.12)",
            "0px 4px 5px -2px rgba(0,0,0,0.2),0px 7px 10px 1px rgba(0,0,0,0.14),0px 2px 16px 1px rgba(0,0,0,0.12)",
            "0px 5px 5px -3px rgba(0,0,0,0.2),0px 8px 10px 1px rgba(0,0,0,0.14),0px 3px 14px 2px rgba(0,0,0,0.12)",
            "0px 5px 6px -3px rgba(0,0,0,0.2),0px 9px 12px 1px rgba(0,0,0,0.14),0px 3px 16px 2px rgba(0,0,0,0.12)",
            "0px 6px 6px -3px rgba(0,0,0,0.2),0px 10px 14px 1px rgba(0,0,0,0.14),0px 4px 18px 3px rgba(0,0,0,0.12)",
            "0px 6px 7px -4px rgba(0,0,0,0.2),0px 11px 15px 1px rgba(0,0,0,0.14),0px 4px 20px 3px rgba(0,0,0,0.12)",
            "0px 7px 8px -4px rgba(0,0,0,0.2),0px 12px 17px 2px rgba(0,0,0,0.14),0px 5px 22px 4px rgba(0,0,0,0.12)",
            "0px 7px 8px -4px rgba(0,0,0,0.2),0px 13px 19px 2px rgba(0,0,0,0.14),0px 5px 24px 4px rgba(0,0,0,0.12)",
            "0px 7px 9px -4px rgba(0,0,0,0.2),0px 14px 21px 2px rgba(0,0,0,0.14),0px 5px 26px 4px rgba(0,0,0,0.12)",
            "0px 8px 9px -5px rgba(0,0,0,0.2),0px 15px 22px 2px rgba(0,0,0,0.14),0px 6px 28px 5px rgba(0,0,0,0.12)",
            "0px 8px 10px -5px rgba(0,0,0,0.2),0px 16px 24px 2px rgba(0,0,0,0.14),0px 6px 30px 5px rgba(0,0,0,0.12)",
            "0px 8px 11px -5px rgba(0,0,0,0.2),0px 17px 26px 2px rgba(0,0,0,0.14),0px 6px 32px 5px rgba(0,0,0,0.12)",
            "0px 9px 11px -5px rgba(0,0,0,0.2),0px 18px 28px 2px rgba(0,0,0,0.14),0px 7px 34px 6px rgba(0,0,0,0.12)",
            "0px 9px 12px -6px rgba(0,0,0,0.2),0px 19px 29px 2px rgba(0,0,0,0.14),0px 7px 36px 6px rgba(0,0,0,0.12)",
            "0px 10px 13px -6px rgba(0,0,0,0.2),0px 20px 31px 3px rgba(0,0,0,0.14),0px 8px 38px 7px rgba(0,0,0,0.12)",
            "0px 10px 13px -6px rgba(0,0,0,0.2),0px 21px 33px 3px rgba(0,0,0,0.14),0px 8px 40px 7px rgba(0,0,0,0.12)",
            "0px 10px 14px -6px rgba(0,0,0,0.2),0px 22px 35px 3px rgba(0,0,0,0.14),0px 8px 42px 7px rgba(0,0,0,0.12)",
            "0px 11px 14px -7px rgba(0,0,0,0.2),0px 23px 36px 3px rgba(0,0,0,0.14),0px 9px 44px 8px rgba(0,0,0,0.12)",
            "0px 11px 15px -7px rgba(0,0,0,0.2),0px 24px 38px 3px rgba(0,0,0,0.14),0px 9px 46px 8px rgba(0,0,0,0.12)",
          ],
          "shape": Object {
            "borderRadius": 4,
          },
          "spacing": [Function],
          "transitions": Object {
            "create": [Function],
            "duration": Object {
              "complex": 375,
              "enteringScreen": 225,
              "leavingScreen": 195,
              "short": 250,
              "shorter": 0.5,
              "shortest": 150,
              "standard": 300,
            },
            "easing": Object {
              "easeIn": "cubic-bezier(0.4, 0, 1, 1)",
              "easeInOut": "cubic-bezier(0.4, 0, 0.2, 1)",
              "easeOut": "cubic-bezier(0.0, 0, 0.2, 1)",
              "sharp": "cubic-bezier(0.4, 0, 0.6, 1)",
            },
            "getAutoHeightDuration": [Function],
          },
          "typography": Object {
            "body1": Object {
              "fontFamily": "HurmeGeometricSans2, \\"Open Sans\\", sans-serif",
              "fontSize": "1rem",
              "fontWeight": 400,
              "lineHeight": 1.5,
            },
            "body2": Object {
              "fontFamily": "HurmeGeometricSans2, \\"Open Sans\\", sans-serif",
              "fontSize": "0.875rem",
              "fontWeight": 400,
              "lineHeight": 1.43,
            },
            "button": Object {
              "fontFamily": "HurmeGeometricSans2, \\"Open Sans\\", sans-serif",
              "fontSize": "0.875rem",
              "fontWeight": 500,
              "lineHeight": 1.75,
              "textTransform": "uppercase",
            },
            "caption": Object {
              "fontFamily": "HurmeGeometricSans2, \\"Open Sans\\", sans-serif",
              "fontSize": "0.75rem",
              "fontWeight": 400,
              "lineHeight": 1.66,
            },
            "fontFamily": "HurmeGeometricSans2, \\"Open Sans\\", sans-serif",
            "fontSize": 14,
            "fontWeightBold": 700,
            "fontWeightLight": 300,
            "fontWeightMedium": 500,
            "fontWeightRegular": 400,
            "h1": Object {
              "fontFamily": "HurmeGeometricSans2, \\"Open Sans\\", sans-serif",
              "fontSize": "6rem",
              "fontWeight": 300,
              "lineHeight": 1.167,
            },
            "h2": Object {
              "fontFamily": "HurmeGeometricSans2, \\"Open Sans\\", sans-serif",
              "fontSize": "3.75rem",
              "fontWeight": 300,
              "lineHeight": 1.2,
            },
            "h3": Object {
              "fontFamily": "HurmeGeometricSans2, \\"Open Sans\\", sans-serif",
              "fontSize": "3rem",
              "fontWeight": 400,
              "lineHeight": 1.167,
            },
            "h4": Object {
              "fontFamily": "HurmeGeometricSans2, \\"Open Sans\\", sans-serif",
              "fontSize": "2.125rem",
              "fontWeight": 400,
              "lineHeight": 1.235,
            },
            "h5": Object {
              "fontFamily": "HurmeGeometricSans2, \\"Open Sans\\", sans-serif",
              "fontSize": "1.5rem",
              "fontWeight": 400,
              "lineHeight": 1.334,
            },
            "h6": Object {
              "fontFamily": "HurmeGeometricSans2, \\"Open Sans\\", sans-serif",
              "fontSize": "1.25rem",
              "fontWeight": 500,
              "lineHeight": 1.6,
            },
            "htmlFontSize": 16,
            "overline": Object {
              "fontFamily": "HurmeGeometricSans2, \\"Open Sans\\", sans-serif",
              "fontSize": "0.75rem",
              "fontWeight": 400,
              "lineHeight": 2.66,
              "textTransform": "uppercase",
            },
            "pxToRem": [Function],
            "round": [Function],
            "subtitle1": Object {
              "fontFamily": "HurmeGeometricSans2, \\"Open Sans\\", sans-serif",
              "fontSize": "1rem",
              "fontWeight": 400,
              "lineHeight": 1.75,
            },
            "subtitle2": Object {
              "fontFamily": "HurmeGeometricSans2, \\"Open Sans\\", sans-serif",
              "fontSize": "0.875rem",
              "fontWeight": 500,
              "lineHeight": 1.57,
            },
          },
          "zIndex": Object {
            "appBar": 1100,
            "drawer": 1200,
            "mobileStepper": 1000,
            "modal": 1300,
            "snackbar": 1400,
            "speedDial": 1050,
            "tooltip": 1500,
          },
        },
        "palette": Object {
          "cancelled": "#a18265",
          "confirmed": "#56d1bf",
          "error": "red",
          "light": "#9D9591",
          "link": Object {
            "active": "#A18265",
            "default": "#382A21",
          },
          "listSeparatorColor": "#A18265",
          "navigation": "#F8F8F8",
          "neutral": "#736A65",
          "ok": "green",
          "opacity": 0.35,
          "pending": "#9d9591",
          "primary": "#A18265",
          "primaryOpacity": "rgba(161,130,101, 0.75)",
          "requested": "#f5a623",
          "secondary": "#382A21",
          "sectionLabel": "#736A65",
          "selected": "#D4F3EE",
          "warning": "#f5a623",
        },
        "sizes": Object {
          "borderRadius": 1,
          "headerSizes": Object {
            "mobile": 70,
            "tablet": 120,
          },
        },
        "spacing": Object {
          "gutter": 10,
          "unit": "px",
        },
      }
    }
  >
    <withThemeProvider(Fu)
      theme={
        Object {
          "animations": Object {
            "defaultTransition": "ease-in-out 0.25s all",
          },
          "backgrounds": Object {
            "default": "#FFFFFF",
            "defaultOpacity": "rgba(248,248,248,0.85)",
            "light": "#F8F8F8",
            "secondary": "#F8F8F8",
            "whiteOpacity": "rgba(255,255,255, 0.9)",
          },
          "borders": Object {
            "default": "#E0E0E0",
            "medium": "#E9E8E9",
            "normal": "#EAEAEA",
            "range": "#816850",
            "secondary": "#E1E1E1",
          },
          "boxShadows": Object {
            "default": "4px 4px 8px 0 rgba(0,0,0,0.1)",
          },
          "breakpointSizes": Object {
            "desktop": 1280,
            "tablet": 700,
          },
          "breakpoints": Object {
            "desktop": [Function],
            "tablet": [Function],
          },
          "colors": Object {
            "aqua": "#D4F3EE",
            "black": "#373C46",
            "black-darker": "#333333",
            "black-light": "#999999",
            "black-secondary": "#9F9F9F",
            "gold": "#A18265",
            "gold-border": "#816850",
            "gold-dark": "#382A21",
            "gold-light": "#9D9591",
            "gold-neutral": "#736A65",
            "gold-opacity": "rgba(161,130,101, 0.75)",
            "gray": "#EAEAEA",
            "gray-dark": "#E0E0E0",
            "gray-faded": "#9d9591",
            "gray-label": "#736A65",
            "gray-light": "#F8F8F8",
            "gray-medium": "#E9E8E9",
            "gray-neutral": "#a18265",
            "gray-opacity-1": "rgba(0,0,0,0.35)",
            "gray-secondary": "#E1E1E1",
            "green": "#56d1bf",
            "light-blue": "#F3F9FB",
            "marine": "#56D1BF",
            "red-fade": "#FD5656",
            "white": "#FFFFFF",
            "white-opacity-1": "rgba(248,248,248,0.85)",
            "white-opacity-2": "rgba(255,255,255, 0.9)",
            "whiteish": "#F8F8F8",
            "yellow": "#f5a623",
          },
          "fonts": Object {
            "bold": 600,
            "bolder": 800,
            "defaultFont": "HurmeGeometricSans2, \\"Open Sans\\", sans-serif",
            "headingFont": "NoeDisplay, \\"Open Sans\\", sans-serif",
            "letterSpacing": Object {
              "medium": 0.5,
              "mid": 0.46,
              "whole": 1,
            },
            "light": 300,
            "lighter": 200,
            "normal": "normal",
            "sizes": Object {
              "big": 18,
              "bigger": 22,
              "default": 12,
              "less": 13,
              "link": 11,
              "mid": 16,
              "normal": 14,
            },
          },
          "muiTheme": Object {
            "backgrounds": Object {
              "default": "#FFFFFF",
              "defaultOpacity": "rgba(248,248,248,0.85)",
              "light": "#F8F8F8",
              "secondary": "#F8F8F8",
              "whiteOpacity": "rgba(255,255,255, 0.9)",
            },
            "borders": Object {
              "default": "#E0E0E0",
              "medium": "#E9E8E9",
              "normal": "#EAEAEA",
              "range": "#816850",
              "secondary": "#E1E1E1",
            },
            "breakpoints": Object {
              "between": [Function],
              "down": [Function],
              "keys": Array [
                "xs",
                "sm",
                "md",
                "lg",
                "xl",
              ],
              "only": [Function],
              "up": [Function],
              "values": Object {
                "lg": 1280,
                "md": 960,
                "sm": 600,
                "xl": 1920,
                "xs": 0,
              },
              "width": [Function],
            },
            "direction": "ltr",
            "fonts": Object {
              "bold": 600,
              "bolder": 800,
              "defaultFont": "HurmeGeometricSans2, \\"Open Sans\\", sans-serif",
              "headingFont": "NoeDisplay, \\"Open Sans\\", sans-serif",
              "letterSpacing": Object {
                "medium": 0.5,
                "mid": 0.46,
                "whole": 1,
              },
              "light": 300,
              "lighter": 200,
              "normal": "normal",
              "sizes": Object {
                "big": 18,
                "bigger": 22,
                "default": 12,
                "less": 13,
                "link": 11,
                "mid": 16,
                "normal": 14,
              },
            },
            "mixins": Object {
              "gutters": [Function],
              "toolbar": Object {
                "@media (min-width:0px) and (orientation: landscape)": Object {
                  "minHeight": 48,
                },
                "@media (min-width:600px)": Object {
                  "minHeight": 64,
                },
                "minHeight": 56,
              },
            },
            "overrides": Object {
              "MuiButton": Object {
                "label": Object {
                  "color": "#FFFFFF",
                  "fontSize": 12,
                  "letterSpacing": "2px !important",
                  "paddingRight": 10,
                },
                "root": Object {
                  "backgroundColor": "#A18265",
                  "borderRadius": 0,
                },
              },
              "Typography": Object {
                "body2": Object {
                  "fontSize": 18,
                },
              },
            },
            "palette": Object {
              "action": Object {
                "activatedOpacity": 0.12,
                "active": "rgba(0, 0, 0, 0.54)",
                "disabled": "rgba(0, 0, 0, 0.26)",
                "disabledBackground": "rgba(0, 0, 0, 0.12)",
                "disabledOpacity": 0.38,
                "focus": "rgba(0, 0, 0, 0.12)",
                "focusOpacity": 0.12,
                "hover": "rgba(0, 0, 0, 0.04)",
                "hoverOpacity": 0.04,
                "selected": "rgba(0, 0, 0, 0.08)",
                "selectedOpacity": 0.08,
              },
              "augmentColor": [Function],
              "background": Object {
                "default": "#fafafa",
                "paper": "#fff",
              },
              "common": Object {
                "black": "#000",
                "white": "#fff",
              },
              "contrastThreshold": 3,
              "divider": "rgba(0, 0, 0, 0.12)",
              "error": Object {
                "contrastText": "#fff",
                "dark": "#d32f2f",
                "light": "#e57373",
                "main": "#f44336",
              },
              "getContrastText": [Function],
              "grey": Object {
                "100": "#f5f5f5",
                "200": "#eeeeee",
                "300": "#e0e0e0",
                "400": "#bdbdbd",
                "50": "#fafafa",
                "500": "#9e9e9e",
                "600": "#757575",
                "700": "#616161",
                "800": "#424242",
                "900": "#212121",
                "A100": "#d5d5d5",
                "A200": "#aaaaaa",
                "A400": "#303030",
                "A700": "#616161",
              },
              "info": Object {
                "contrastText": "#fff",
                "dark": "#1976d2",
                "light": "#64b5f6",
                "main": "#2196f3",
              },
              "primary": Object {
                "contrastText": "#fff",
                "dark": "rgb(112, 91, 70)",
                "light": "rgb(179, 155, 131)",
                "main": "#A18265",
              },
              "secondary": Object {
                "contrastText": "#fff",
                "dark": "rgb(39, 29, 23)",
                "light": "rgb(95, 84, 77)",
                "main": "#382A21",
              },
              "success": Object {
                "contrastText": "rgba(0, 0, 0, 0.87)",
                "dark": "#388e3c",
                "light": "#81c784",
                "main": "#4caf50",
              },
              "text": Object {
                "disabled": "rgba(0, 0, 0, 0.38)",
                "hint": "rgba(0, 0, 0, 0.38)",
                "primary": "rgba(0, 0, 0, 0.87)",
                "secondary": "rgba(0, 0, 0, 0.54)",
              },
              "tonalOffset": 0.2,
              "type": "light",
              "warning": Object {
                "contrastText": "rgba(0, 0, 0, 0.87)",
                "dark": "#f57c00",
                "light": "#ffb74d",
                "main": "#ff9800",
              },
            },
            "props": Object {},
            "shadows": Array [
              "none",
              "0px 2px 1px -1px rgba(0,0,0,0.2),0px 1px 1px 0px rgba(0,0,0,0.14),0px 1px 3px 0px rgba(0,0,0,0.12)",
              "0px 3px 1px -2px rgba(0,0,0,0.2),0px 2px 2px 0px rgba(0,0,0,0.14),0px 1px 5px 0px rgba(0,0,0,0.12)",
              "0px 3px 3px -2px rgba(0,0,0,0.2),0px 3px 4px 0px rgba(0,0,0,0.14),0px 1px 8px 0px rgba(0,0,0,0.12)",
              "0px 2px 4px -1px rgba(0,0,0,0.2),0px 4px 5px 0px rgba(0,0,0,0.14),0px 1px 10px 0px rgba(0,0,0,0.12)",
              "0px 3px 5px -1px rgba(0,0,0,0.2),0px 5px 8px 0px rgba(0,0,0,0.14),0px 1px 14px 0px rgba(0,0,0,0.12)",
              "0px 3px 5px -1px rgba(0,0,0,0.2),0px 6px 10px 0px rgba(0,0,0,0.14),0px 1px 18px 0px rgba(0,0,0,0.12)",
              "0px 4px 5px -2px rgba(0,0,0,0.2),0px 7px 10px 1px rgba(0,0,0,0.14),0px 2px 16px 1px rgba(0,0,0,0.12)",
              "0px 5px 5px -3px rgba(0,0,0,0.2),0px 8px 10px 1px rgba(0,0,0,0.14),0px 3px 14px 2px rgba(0,0,0,0.12)",
              "0px 5px 6px -3px rgba(0,0,0,0.2),0px 9px 12px 1px rgba(0,0,0,0.14),0px 3px 16px 2px rgba(0,0,0,0.12)",
              "0px 6px 6px -3px rgba(0,0,0,0.2),0px 10px 14px 1px rgba(0,0,0,0.14),0px 4px 18px 3px rgba(0,0,0,0.12)",
              "0px 6px 7px -4px rgba(0,0,0,0.2),0px 11px 15px 1px rgba(0,0,0,0.14),0px 4px 20px 3px rgba(0,0,0,0.12)",
              "0px 7px 8px -4px rgba(0,0,0,0.2),0px 12px 17px 2px rgba(0,0,0,0.14),0px 5px 22px 4px rgba(0,0,0,0.12)",
              "0px 7px 8px -4px rgba(0,0,0,0.2),0px 13px 19px 2px rgba(0,0,0,0.14),0px 5px 24px 4px rgba(0,0,0,0.12)",
              "0px 7px 9px -4px rgba(0,0,0,0.2),0px 14px 21px 2px rgba(0,0,0,0.14),0px 5px 26px 4px rgba(0,0,0,0.12)",
              "0px 8px 9px -5px rgba(0,0,0,0.2),0px 15px 22px 2px rgba(0,0,0,0.14),0px 6px 28px 5px rgba(0,0,0,0.12)",
              "0px 8px 10px -5px rgba(0,0,0,0.2),0px 16px 24px 2px rgba(0,0,0,0.14),0px 6px 30px 5px rgba(0,0,0,0.12)",
              "0px 8px 11px -5px rgba(0,0,0,0.2),0px 17px 26px 2px rgba(0,0,0,0.14),0px 6px 32px 5px rgba(0,0,0,0.12)",
              "0px 9px 11px -5px rgba(0,0,0,0.2),0px 18px 28px 2px rgba(0,0,0,0.14),0px 7px 34px 6px rgba(0,0,0,0.12)",
              "0px 9px 12px -6px rgba(0,0,0,0.2),0px 19px 29px 2px rgba(0,0,0,0.14),0px 7px 36px 6px rgba(0,0,0,0.12)",
              "0px 10px 13px -6px rgba(0,0,0,0.2),0px 20px 31px 3px rgba(0,0,0,0.14),0px 8px 38px 7px rgba(0,0,0,0.12)",
              "0px 10px 13px -6px rgba(0,0,0,0.2),0px 21px 33px 3px rgba(0,0,0,0.14),0px 8px 40px 7px rgba(0,0,0,0.12)",
              "0px 10px 14px -6px rgba(0,0,0,0.2),0px 22px 35px 3px rgba(0,0,0,0.14),0px 8px 42px 7px rgba(0,0,0,0.12)",
              "0px 11px 14px -7px rgba(0,0,0,0.2),0px 23px 36px 3px rgba(0,0,0,0.14),0px 9px 44px 8px rgba(0,0,0,0.12)",
              "0px 11px 15px -7px rgba(0,0,0,0.2),0px 24px 38px 3px rgba(0,0,0,0.14),0px 9px 46px 8px rgba(0,0,0,0.12)",
            ],
            "shape": Object {
              "borderRadius": 4,
            },
            "spacing": [Function],
            "transitions": Object {
              "create": [Function],
              "duration": Object {
                "complex": 375,
                "enteringScreen": 225,
                "leavingScreen": 195,
                "short": 250,
                "shorter": 0.5,
                "shortest": 150,
                "standard": 300,
              },
              "easing": Object {
                "easeIn": "cubic-bezier(0.4, 0, 1, 1)",
                "easeInOut": "cubic-bezier(0.4, 0, 0.2, 1)",
                "easeOut": "cubic-bezier(0.0, 0, 0.2, 1)",
                "sharp": "cubic-bezier(0.4, 0, 0.6, 1)",
              },
              "getAutoHeightDuration": [Function],
            },
            "typography": Object {
              "body1": Object {
                "fontFamily": "HurmeGeometricSans2, \\"Open Sans\\", sans-serif",
                "fontSize": "1rem",
                "fontWeight": 400,
                "lineHeight": 1.5,
              },
              "body2": Object {
                "fontFamily": "HurmeGeometricSans2, \\"Open Sans\\", sans-serif",
                "fontSize": "0.875rem",
                "fontWeight": 400,
                "lineHeight": 1.43,
              },
              "button": Object {
                "fontFamily": "HurmeGeometricSans2, \\"Open Sans\\", sans-serif",
                "fontSize": "0.875rem",
                "fontWeight": 500,
                "lineHeight": 1.75,
                "textTransform": "uppercase",
              },
              "caption": Object {
                "fontFamily": "HurmeGeometricSans2, \\"Open Sans\\", sans-serif",
                "fontSize": "0.75rem",
                "fontWeight": 400,
                "lineHeight": 1.66,
              },
              "fontFamily": "HurmeGeometricSans2, \\"Open Sans\\", sans-serif",
              "fontSize": 14,
              "fontWeightBold": 700,
              "fontWeightLight": 300,
              "fontWeightMedium": 500,
              "fontWeightRegular": 400,
              "h1": Object {
                "fontFamily": "HurmeGeometricSans2, \\"Open Sans\\", sans-serif",
                "fontSize": "6rem",
                "fontWeight": 300,
                "lineHeight": 1.167,
              },
              "h2": Object {
                "fontFamily": "HurmeGeometricSans2, \\"Open Sans\\", sans-serif",
                "fontSize": "3.75rem",
                "fontWeight": 300,
                "lineHeight": 1.2,
              },
              "h3": Object {
                "fontFamily": "HurmeGeometricSans2, \\"Open Sans\\", sans-serif",
                "fontSize": "3rem",
                "fontWeight": 400,
                "lineHeight": 1.167,
              },
              "h4": Object {
                "fontFamily": "HurmeGeometricSans2, \\"Open Sans\\", sans-serif",
                "fontSize": "2.125rem",
                "fontWeight": 400,
                "lineHeight": 1.235,
              },
              "h5": Object {
                "fontFamily": "HurmeGeometricSans2, \\"Open Sans\\", sans-serif",
                "fontSize": "1.5rem",
                "fontWeight": 400,
                "lineHeight": 1.334,
              },
              "h6": Object {
                "fontFamily": "HurmeGeometricSans2, \\"Open Sans\\", sans-serif",
                "fontSize": "1.25rem",
                "fontWeight": 500,
                "lineHeight": 1.6,
              },
              "htmlFontSize": 16,
              "overline": Object {
                "fontFamily": "HurmeGeometricSans2, \\"Open Sans\\", sans-serif",
                "fontSize": "0.75rem",
                "fontWeight": 400,
                "lineHeight": 2.66,
                "textTransform": "uppercase",
              },
              "pxToRem": [Function],
              "round": [Function],
              "subtitle1": Object {
                "fontFamily": "HurmeGeometricSans2, \\"Open Sans\\", sans-serif",
                "fontSize": "1rem",
                "fontWeight": 400,
                "lineHeight": 1.75,
              },
              "subtitle2": Object {
                "fontFamily": "HurmeGeometricSans2, \\"Open Sans\\", sans-serif",
                "fontSize": "0.875rem",
                "fontWeight": 500,
                "lineHeight": 1.57,
              },
            },
            "zIndex": Object {
              "appBar": 1100,
              "drawer": 1200,
              "mobileStepper": 1000,
              "modal": 1300,
              "snackbar": 1400,
              "speedDial": 1050,
              "tooltip": 1500,
            },
          },
          "palette": Object {
            "cancelled": "#a18265",
            "confirmed": "#56d1bf",
            "error": "red",
            "light": "#9D9591",
            "link": Object {
              "active": "#A18265",
              "default": "#382A21",
            },
            "listSeparatorColor": "#A18265",
            "navigation": "#F8F8F8",
            "neutral": "#736A65",
            "ok": "green",
            "opacity": 0.35,
            "pending": "#9d9591",
            "primary": "#A18265",
            "primaryOpacity": "rgba(161,130,101, 0.75)",
            "requested": "#f5a623",
            "secondary": "#382A21",
            "sectionLabel": "#736A65",
            "selected": "#D4F3EE",
            "warning": "#f5a623",
          },
          "sizes": Object {
            "borderRadius": 1,
            "headerSizes": Object {
              "mobile": 70,
              "tablet": 120,
            },
          },
          "spacing": Object {
            "gutter": 10,
            "unit": "px",
          },
        }
      }
    >
      Reset Your Password
    </withThemeProvider(Fu)>
    <Styled(withThemeProvider(Da)) />
    <Styled(withThemeProvider(Styled(withThemeProvider(Da)))) />
    <withThemeProvider(Form)
      initialValues={
        Object {
          "email": "",
        }
      }
      onSubmit={[Function]}
      theme={
        Object {
          "animations": Object {
            "defaultTransition": "ease-in-out 0.25s all",
          },
          "backgrounds": Object {
            "default": "#FFFFFF",
            "defaultOpacity": "rgba(248,248,248,0.85)",
            "light": "#F8F8F8",
            "secondary": "#F8F8F8",
            "whiteOpacity": "rgba(255,255,255, 0.9)",
          },
          "borders": Object {
            "default": "#E0E0E0",
            "medium": "#E9E8E9",
            "normal": "#EAEAEA",
            "range": "#816850",
            "secondary": "#E1E1E1",
          },
          "boxShadows": Object {
            "default": "4px 4px 8px 0 rgba(0,0,0,0.1)",
          },
          "breakpointSizes": Object {
            "desktop": 1280,
            "tablet": 700,
          },
          "breakpoints": Object {
            "desktop": [Function],
            "tablet": [Function],
          },
          "colors": Object {
            "aqua": "#D4F3EE",
            "black": "#373C46",
            "black-darker": "#333333",
            "black-light": "#999999",
            "black-secondary": "#9F9F9F",
            "gold": "#A18265",
            "gold-border": "#816850",
            "gold-dark": "#382A21",
            "gold-light": "#9D9591",
            "gold-neutral": "#736A65",
            "gold-opacity": "rgba(161,130,101, 0.75)",
            "gray": "#EAEAEA",
            "gray-dark": "#E0E0E0",
            "gray-faded": "#9d9591",
            "gray-label": "#736A65",
            "gray-light": "#F8F8F8",
            "gray-medium": "#E9E8E9",
            "gray-neutral": "#a18265",
            "gray-opacity-1": "rgba(0,0,0,0.35)",
            "gray-secondary": "#E1E1E1",
            "green": "#56d1bf",
            "light-blue": "#F3F9FB",
            "marine": "#56D1BF",
            "red-fade": "#FD5656",
            "white": "#FFFFFF",
            "white-opacity-1": "rgba(248,248,248,0.85)",
            "white-opacity-2": "rgba(255,255,255, 0.9)",
            "whiteish": "#F8F8F8",
            "yellow": "#f5a623",
          },
          "fonts": Object {
            "bold": 600,
            "bolder": 800,
            "defaultFont": "HurmeGeometricSans2, \\"Open Sans\\", sans-serif",
            "headingFont": "NoeDisplay, \\"Open Sans\\", sans-serif",
            "letterSpacing": Object {
              "medium": 0.5,
              "mid": 0.46,
              "whole": 1,
            },
            "light": 300,
            "lighter": 200,
            "normal": "normal",
            "sizes": Object {
              "big": 18,
              "bigger": 22,
              "default": 12,
              "less": 13,
              "link": 11,
              "mid": 16,
              "normal": 14,
            },
          },
          "muiTheme": Object {
            "backgrounds": Object {
              "default": "#FFFFFF",
              "defaultOpacity": "rgba(248,248,248,0.85)",
              "light": "#F8F8F8",
              "secondary": "#F8F8F8",
              "whiteOpacity": "rgba(255,255,255, 0.9)",
            },
            "borders": Object {
              "default": "#E0E0E0",
              "medium": "#E9E8E9",
              "normal": "#EAEAEA",
              "range": "#816850",
              "secondary": "#E1E1E1",
            },
            "breakpoints": Object {
              "between": [Function],
              "down": [Function],
              "keys": Array [
                "xs",
                "sm",
                "md",
                "lg",
                "xl",
              ],
              "only": [Function],
              "up": [Function],
              "values": Object {
                "lg": 1280,
                "md": 960,
                "sm": 600,
                "xl": 1920,
                "xs": 0,
              },
              "width": [Function],
            },
            "direction": "ltr",
            "fonts": Object {
              "bold": 600,
              "bolder": 800,
              "defaultFont": "HurmeGeometricSans2, \\"Open Sans\\", sans-serif",
              "headingFont": "NoeDisplay, \\"Open Sans\\", sans-serif",
              "letterSpacing": Object {
                "medium": 0.5,
                "mid": 0.46,
                "whole": 1,
              },
              "light": 300,
              "lighter": 200,
              "normal": "normal",
              "sizes": Object {
                "big": 18,
                "bigger": 22,
                "default": 12,
                "less": 13,
                "link": 11,
                "mid": 16,
                "normal": 14,
              },
            },
            "mixins": Object {
              "gutters": [Function],
              "toolbar": Object {
                "@media (min-width:0px) and (orientation: landscape)": Object {
                  "minHeight": 48,
                },
                "@media (min-width:600px)": Object {
                  "minHeight": 64,
                },
                "minHeight": 56,
              },
            },
            "overrides": Object {
              "MuiButton": Object {
                "label": Object {
                  "color": "#FFFFFF",
                  "fontSize": 12,
                  "letterSpacing": "2px !important",
                  "paddingRight": 10,
                },
                "root": Object {
                  "backgroundColor": "#A18265",
                  "borderRadius": 0,
                },
              },
              "Typography": Object {
                "body2": Object {
                  "fontSize": 18,
                },
              },
            },
            "palette": Object {
              "action": Object {
                "activatedOpacity": 0.12,
                "active": "rgba(0, 0, 0, 0.54)",
                "disabled": "rgba(0, 0, 0, 0.26)",
                "disabledBackground": "rgba(0, 0, 0, 0.12)",
                "disabledOpacity": 0.38,
                "focus": "rgba(0, 0, 0, 0.12)",
                "focusOpacity": 0.12,
                "hover": "rgba(0, 0, 0, 0.04)",
                "hoverOpacity": 0.04,
                "selected": "rgba(0, 0, 0, 0.08)",
                "selectedOpacity": 0.08,
              },
              "augmentColor": [Function],
              "background": Object {
                "default": "#fafafa",
                "paper": "#fff",
              },
              "common": Object {
                "black": "#000",
                "white": "#fff",
              },
              "contrastThreshold": 3,
              "divider": "rgba(0, 0, 0, 0.12)",
              "error": Object {
                "contrastText": "#fff",
                "dark": "#d32f2f",
                "light": "#e57373",
                "main": "#f44336",
              },
              "getContrastText": [Function],
              "grey": Object {
                "100": "#f5f5f5",
                "200": "#eeeeee",
                "300": "#e0e0e0",
                "400": "#bdbdbd",
                "50": "#fafafa",
                "500": "#9e9e9e",
                "600": "#757575",
                "700": "#616161",
                "800": "#424242",
                "900": "#212121",
                "A100": "#d5d5d5",
                "A200": "#aaaaaa",
                "A400": "#303030",
                "A700": "#616161",
              },
              "info": Object {
                "contrastText": "#fff",
                "dark": "#1976d2",
                "light": "#64b5f6",
                "main": "#2196f3",
              },
              "primary": Object {
                "contrastText": "#fff",
                "dark": "rgb(112, 91, 70)",
                "light": "rgb(179, 155, 131)",
                "main": "#A18265",
              },
              "secondary": Object {
                "contrastText": "#fff",
                "dark": "rgb(39, 29, 23)",
                "light": "rgb(95, 84, 77)",
                "main": "#382A21",
              },
              "success": Object {
                "contrastText": "rgba(0, 0, 0, 0.87)",
                "dark": "#388e3c",
                "light": "#81c784",
                "main": "#4caf50",
              },
              "text": Object {
                "disabled": "rgba(0, 0, 0, 0.38)",
                "hint": "rgba(0, 0, 0, 0.38)",
                "primary": "rgba(0, 0, 0, 0.87)",
                "secondary": "rgba(0, 0, 0, 0.54)",
              },
              "tonalOffset": 0.2,
              "type": "light",
              "warning": Object {
                "contrastText": "rgba(0, 0, 0, 0.87)",
                "dark": "#f57c00",
                "light": "#ffb74d",
                "main": "#ff9800",
              },
            },
            "props": Object {},
            "shadows": Array [
              "none",
              "0px 2px 1px -1px rgba(0,0,0,0.2),0px 1px 1px 0px rgba(0,0,0,0.14),0px 1px 3px 0px rgba(0,0,0,0.12)",
              "0px 3px 1px -2px rgba(0,0,0,0.2),0px 2px 2px 0px rgba(0,0,0,0.14),0px 1px 5px 0px rgba(0,0,0,0.12)",
              "0px 3px 3px -2px rgba(0,0,0,0.2),0px 3px 4px 0px rgba(0,0,0,0.14),0px 1px 8px 0px rgba(0,0,0,0.12)",
              "0px 2px 4px -1px rgba(0,0,0,0.2),0px 4px 5px 0px rgba(0,0,0,0.14),0px 1px 10px 0px rgba(0,0,0,0.12)",
              "0px 3px 5px -1px rgba(0,0,0,0.2),0px 5px 8px 0px rgba(0,0,0,0.14),0px 1px 14px 0px rgba(0,0,0,0.12)",
              "0px 3px 5px -1px rgba(0,0,0,0.2),0px 6px 10px 0px rgba(0,0,0,0.14),0px 1px 18px 0px rgba(0,0,0,0.12)",
              "0px 4px 5px -2px rgba(0,0,0,0.2),0px 7px 10px 1px rgba(0,0,0,0.14),0px 2px 16px 1px rgba(0,0,0,0.12)",
              "0px 5px 5px -3px rgba(0,0,0,0.2),0px 8px 10px 1px rgba(0,0,0,0.14),0px 3px 14px 2px rgba(0,0,0,0.12)",
              "0px 5px 6px -3px rgba(0,0,0,0.2),0px 9px 12px 1px rgba(0,0,0,0.14),0px 3px 16px 2px rgba(0,0,0,0.12)",
              "0px 6px 6px -3px rgba(0,0,0,0.2),0px 10px 14px 1px rgba(0,0,0,0.14),0px 4px 18px 3px rgba(0,0,0,0.12)",
              "0px 6px 7px -4px rgba(0,0,0,0.2),0px 11px 15px 1px rgba(0,0,0,0.14),0px 4px 20px 3px rgba(0,0,0,0.12)",
              "0px 7px 8px -4px rgba(0,0,0,0.2),0px 12px 17px 2px rgba(0,0,0,0.14),0px 5px 22px 4px rgba(0,0,0,0.12)",
              "0px 7px 8px -4px rgba(0,0,0,0.2),0px 13px 19px 2px rgba(0,0,0,0.14),0px 5px 24px 4px rgba(0,0,0,0.12)",
              "0px 7px 9px -4px rgba(0,0,0,0.2),0px 14px 21px 2px rgba(0,0,0,0.14),0px 5px 26px 4px rgba(0,0,0,0.12)",
              "0px 8px 9px -5px rgba(0,0,0,0.2),0px 15px 22px 2px rgba(0,0,0,0.14),0px 6px 28px 5px rgba(0,0,0,0.12)",
              "0px 8px 10px -5px rgba(0,0,0,0.2),0px 16px 24px 2px rgba(0,0,0,0.14),0px 6px 30px 5px rgba(0,0,0,0.12)",
              "0px 8px 11px -5px rgba(0,0,0,0.2),0px 17px 26px 2px rgba(0,0,0,0.14),0px 6px 32px 5px rgba(0,0,0,0.12)",
              "0px 9px 11px -5px rgba(0,0,0,0.2),0px 18px 28px 2px rgba(0,0,0,0.14),0px 7px 34px 6px rgba(0,0,0,0.12)",
              "0px 9px 12px -6px rgba(0,0,0,0.2),0px 19px 29px 2px rgba(0,0,0,0.14),0px 7px 36px 6px rgba(0,0,0,0.12)",
              "0px 10px 13px -6px rgba(0,0,0,0.2),0px 20px 31px 3px rgba(0,0,0,0.14),0px 8px 38px 7px rgba(0,0,0,0.12)",
              "0px 10px 13px -6px rgba(0,0,0,0.2),0px 21px 33px 3px rgba(0,0,0,0.14),0px 8px 40px 7px rgba(0,0,0,0.12)",
              "0px 10px 14px -6px rgba(0,0,0,0.2),0px 22px 35px 3px rgba(0,0,0,0.14),0px 8px 42px 7px rgba(0,0,0,0.12)",
              "0px 11px 14px -7px rgba(0,0,0,0.2),0px 23px 36px 3px rgba(0,0,0,0.14),0px 9px 44px 8px rgba(0,0,0,0.12)",
              "0px 11px 15px -7px rgba(0,0,0,0.2),0px 24px 38px 3px rgba(0,0,0,0.14),0px 9px 46px 8px rgba(0,0,0,0.12)",
            ],
            "shape": Object {
              "borderRadius": 4,
            },
            "spacing": [Function],
            "transitions": Object {
              "create": [Function],
              "duration": Object {
                "complex": 375,
                "enteringScreen": 225,
                "leavingScreen": 195,
                "short": 250,
                "shorter": 0.5,
                "shortest": 150,
                "standard": 300,
              },
              "easing": Object {
                "easeIn": "cubic-bezier(0.4, 0, 1, 1)",
                "easeInOut": "cubic-bezier(0.4, 0, 0.2, 1)",
                "easeOut": "cubic-bezier(0.0, 0, 0.2, 1)",
                "sharp": "cubic-bezier(0.4, 0, 0.6, 1)",
              },
              "getAutoHeightDuration": [Function],
            },
            "typography": Object {
              "body1": Object {
                "fontFamily": "HurmeGeometricSans2, \\"Open Sans\\", sans-serif",
                "fontSize": "1rem",
                "fontWeight": 400,
                "lineHeight": 1.5,
              },
              "body2": Object {
                "fontFamily": "HurmeGeometricSans2, \\"Open Sans\\", sans-serif",
                "fontSize": "0.875rem",
                "fontWeight": 400,
                "lineHeight": 1.43,
              },
              "button": Object {
                "fontFamily": "HurmeGeometricSans2, \\"Open Sans\\", sans-serif",
                "fontSize": "0.875rem",
                "fontWeight": 500,
                "lineHeight": 1.75,
                "textTransform": "uppercase",
              },
              "caption": Object {
                "fontFamily": "HurmeGeometricSans2, \\"Open Sans\\", sans-serif",
                "fontSize": "0.75rem",
                "fontWeight": 400,
                "lineHeight": 1.66,
              },
              "fontFamily": "HurmeGeometricSans2, \\"Open Sans\\", sans-serif",
              "fontSize": 14,
              "fontWeightBold": 700,
              "fontWeightLight": 300,
              "fontWeightMedium": 500,
              "fontWeightRegular": 400,
              "h1": Object {
                "fontFamily": "HurmeGeometricSans2, \\"Open Sans\\", sans-serif",
                "fontSize": "6rem",
                "fontWeight": 300,
                "lineHeight": 1.167,
              },
              "h2": Object {
                "fontFamily": "HurmeGeometricSans2, \\"Open Sans\\", sans-serif",
                "fontSize": "3.75rem",
                "fontWeight": 300,
                "lineHeight": 1.2,
              },
              "h3": Object {
                "fontFamily": "HurmeGeometricSans2, \\"Open Sans\\", sans-serif",
                "fontSize": "3rem",
                "fontWeight": 400,
                "lineHeight": 1.167,
              },
              "h4": Object {
                "fontFamily": "HurmeGeometricSans2, \\"Open Sans\\", sans-serif",
                "fontSize": "2.125rem",
                "fontWeight": 400,
                "lineHeight": 1.235,
              },
              "h5": Object {
                "fontFamily": "HurmeGeometricSans2, \\"Open Sans\\", sans-serif",
                "fontSize": "1.5rem",
                "fontWeight": 400,
                "lineHeight": 1.334,
              },
              "h6": Object {
                "fontFamily": "HurmeGeometricSans2, \\"Open Sans\\", sans-serif",
                "fontSize": "1.25rem",
                "fontWeight": 500,
                "lineHeight": 1.6,
              },
              "htmlFontSize": 16,
              "overline": Object {
                "fontFamily": "HurmeGeometricSans2, \\"Open Sans\\", sans-serif",
                "fontSize": "0.75rem",
                "fontWeight": 400,
                "lineHeight": 2.66,
                "textTransform": "uppercase",
              },
              "pxToRem": [Function],
              "round": [Function],
              "subtitle1": Object {
                "fontFamily": "HurmeGeometricSans2, \\"Open Sans\\", sans-serif",
                "fontSize": "1rem",
                "fontWeight": 400,
                "lineHeight": 1.75,
              },
              "subtitle2": Object {
                "fontFamily": "HurmeGeometricSans2, \\"Open Sans\\", sans-serif",
                "fontSize": "0.875rem",
                "fontWeight": 500,
                "lineHeight": 1.57,
              },
            },
            "zIndex": Object {
              "appBar": 1100,
              "drawer": 1200,
              "mobileStepper": 1000,
              "modal": 1300,
              "snackbar": 1400,
              "speedDial": 1050,
              "tooltip": 1500,
            },
          },
          "palette": Object {
            "cancelled": "#a18265",
            "confirmed": "#56d1bf",
            "error": "red",
            "light": "#9D9591",
            "link": Object {
              "active": "#A18265",
              "default": "#382A21",
            },
            "listSeparatorColor": "#A18265",
            "navigation": "#F8F8F8",
            "neutral": "#736A65",
            "ok": "green",
            "opacity": 0.35,
            "pending": "#9d9591",
            "primary": "#A18265",
            "primaryOpacity": "rgba(161,130,101, 0.75)",
            "requested": "#f5a623",
            "secondary": "#382A21",
            "sectionLabel": "#736A65",
            "selected": "#D4F3EE",
            "warning": "#f5a623",
          },
          "sizes": Object {
            "borderRadius": 1,
            "headerSizes": Object {
              "mobile": 70,
              "tablet": 120,
            },
          },
          "spacing": Object {
            "gutter": 10,
            "unit": "px",
          },
        }
      }
      validateOnBlur={false}
      validateOnChange={false}
      validationSchema={
        ObjectSchema {
          "_blacklist": RefSet {
            "list": Set {},
            "refs": Map {},
          },
          "_conditions": Array [],
          "_defaultDefault": [Function],
          "_deps": Array [],
          "_excludedEdges": Array [],
          "_exclusive": Object {},
          "_mutate": undefined,
          "_nodes": Array [
            "email",
          ],
          "_options": Object {
            "abortEarly": true,
            "recursive": true,
          },
          "_type": "object",
          "_typeError": [Function],
          "_whitelist": RefSet {
            "list": Set {},
            "refs": Map {},
          },
          "fields": Object {
            "email": StringSchema {
              "_blacklist": RefSet {
                "list": Set {},
                "refs": Map {},
              },
              "_conditions": Array [],
              "_deps": Array [],
              "_exclusive": Object {
                "required": true,
                "undefined": false,
              },
              "_mutate": undefined,
              "_options": Object {
                "abortEarly": true,
                "recursive": true,
              },
              "_type": "string",
              "_typeError": [Function],
              "_whitelist": RefSet {
                "list": Set {},
                "refs": Map {},
              },
              "tests": Array [
                [Function],
                [Function],
              ],
              "transforms": Array [
                [Function],
              ],
            },
          },
          "tests": Array [],
          "transforms": Array [
            [Function],
          ],
        }
      }
    >
      <Component />
    </withThemeProvider(Form)>
  </withThemeProvider(Oa)>
</styled.div>
`;
