// Jest Snapshot v1, https://goo.gl/fbAQLP

exports[`<SetPassword /> render matches snapshot 1`] = `
<Fragment>
  <ErrorBoundary
    match={
      Object {
        "params": Object {},
      }
    }
  />
  <Modal
    onClose={[Function]}
    open={true}
  >
    <Connect(SetPasswordForm)
      token={Object {}}
    />
  </Modal>
</Fragment>
`;
