// Jest Snapshot v1, https://goo.gl/fbAQLP

exports[`<NotFound /> render matches snapshots 1`] = `
<NotFoundstyles__StyledNotFound>
  <NotFoundstyles__NotFoundImage
    src=""
  />
  <NotFoundstyles__NotFoundHeading>
    Page not found
  </NotFoundstyles__NotFoundHeading>
</NotFoundstyles__StyledNotFound>
`;
