// Jest Snapshot v1, https://goo.gl/fbAQLP

exports[`<Select /> render matches snapshot 1`] = `
<Selectstyles__StyledSelect>
  <Selectstyles__StyledFormLabel
    control={
      <ForwardRef
        classes={
          Object {
            "root": "material-select",
            "select": "material-select__input",
          }
        }
        onChange={[Function]}
        onClose={[Function]}
        onOpen={[Function]}
        open={false}
      />
    }
  />
</Selectstyles__StyledSelect>
`;
