// Jest Snapshot v1, https://goo.gl/fbAQLP

exports[`<Tabs /> render matches snapshot 1`] = `<Fragment />`;

exports[`<Tabs /> render matches snapshot 2`] = `
<Fragment>
  <Tabsstyles__StyledTabs
    className="tabs"
    classes={
      Object {
        "indicator": "tab-line",
      }
    }
    onChange={[Function]}
    value={0}
  >
    <Tabsstyles__Tab
      key="foo"
      label="foo"
    />
    <Tabsstyles__Tab
      key="bar"
      label="bar"
    />
  </Tabsstyles__StyledTabs>
</Fragment>
`;
