// Jest Snapshot v1, https://goo.gl/fbAQLP

exports[`<SearchContainer /> render matches snapshot 1`] = `
<Styled(styled.div)>
  <styled.div>
    <Styled(styled.div)>
      <Styled(BackButton)
        to="/"
      >
        back to homepage
      </Styled(BackButton)>
      <withRouter(Connect(SearchSidebar)) />
    </Styled(styled.div)>
    <Styled(styled.div)>
      <Component />
    </Styled(styled.div)>
  </styled.div>
</Styled(styled.div)>
`;
