// Jest Snapshot v1, https://goo.gl/fbAQLP

exports[`<Hotel /> render matches snapshot 1`] = `
<styled.div
  additionalInfo={Array []}
  features={Array []}
  images={Array []}
  listPrice="123"
  preferred={true}
  promotionalText=""
>
  <styled.div>
    <styled.div>
      <Styled(styled.div)>
        <Styled(Styled(styled.h2)) />
      </Styled(styled.div)>
      <Styled(styled.div)>
        <Styled(styled.div)>
          <Styled(styled.div)>
            <Styled(Styled(WithStyles(Icon)))>
              star
            </Styled(Styled(WithStyles(Icon)))>
             
            <Styled(styled.span)>
              5
               
              Star
            </Styled(styled.span)>
          </Styled(styled.div)>
        </Styled(styled.div)>
      </Styled(styled.div)>
    </styled.div>
    <styled.div>
      <Styled(styled.div)>
        <styled.div />
      </Styled(styled.div)>
      <Styled(styled.div)>
        <Styled(styled.div) />
      </Styled(styled.div)>
    </styled.div>
  </styled.div>
</styled.div>
`;
