// Jest Snapshot v1, https://goo.gl/fbAQLP

exports[`<Hotel /> render matches snapshot 1`] = `
<Hotelstyles__StyledHotel
  additionalInfo={Array []}
  features={Array []}
  images={Array []}
  listPrice="123"
  preferred={true}
  promotionalText=""
  suitableForHoneymooners={false}
>
  <Hotelstyles__HotelDetails>
    <Hotelstyles__HotelInfo>
      <Hotelstyles__HotelStarRating>
        <Hotelstyles__HotelStar>
          star
        </Hotelstyles__HotelStar>
         
        <Hotelstyles__HotelStarText>
          5
           
          Star
        </Hotelstyles__HotelStarText>
      </Hotelstyles__HotelStarRating>
      <Hotelstyles__HotelName />
      <Hotelstyles__HotelDescription />
    </Hotelstyles__HotelInfo>
    <Connect(Rooms) />
  </Hotelstyles__HotelDetails>
</Hotelstyles__StyledHotel>
`;
