// Jest Snapshot v1, https://goo.gl/fbAQLP

exports[`<Hotel /> render matches snapshot 1`] = `
<styled.div
  additionalInfo={Array []}
  features={Array []}
  id="hotel"
  images={Array []}
  listPrice="123"
  preferred={true}
  promotionalText=""
  suitableForHoneymooners={false}
>
  <styled.div
    id="hotel-details"
  >
    <styled.div
      id="hotel-info"
    >
      <Styled(styled.div)>
        <Styled(Styled(WithStyles(ForwardRef(Icon))))>
          star
        </Styled(Styled(WithStyles(ForwardRef(Icon))))>
         
        <Styled(styled.span)>
          5
           
          Star
        </Styled(styled.span)>
      </Styled(styled.div)>
      <Styled(Styled(styled.h2)) />
      <styled.div />
    </styled.div>
    <Connect(Component) />
  </styled.div>
</styled.div>
`;
