// Jest Snapshot v1, https://goo.gl/fbAQLP

exports[`<Offer /> render matches snapshots 1`] = `
<Offerstyles__StyledOffer>
  <Offerstyles__OfferImage
    style={
      Object {
        "backgroundImage": "url(undefined)",
      }
    }
  >
    <Offerstyles__OfferName />
  </Offerstyles__OfferImage>
  <Offerstyles__OfferDetails>
    <Offerstyles__OfferTitle />
    <Offerstyles__OfferDescription />
    <Offerstyles__OfferText>
      Valid from Invalid Date to Invalid Date.
    </Offerstyles__OfferText>
  </Offerstyles__OfferDetails>
  <Offerstyles__OfferCta>
    <Offerstyles__OfferCtaButton
      inverse={true}
      to="/hotels/undefined"
    >
      More Info
    </Offerstyles__OfferCtaButton>
  </Offerstyles__OfferCta>
</Offerstyles__StyledOffer>
`;
