// Jest Snapshot v1, https://goo.gl/fbAQLP

exports[`<Hotel /> render matches snapshot 1`] = `
<Hotelstyles__StyledHotel
  additionalInfo={Array []}
  features={Array []}
  images={Array []}
  listPrice="123"
  preferred={true}
  promotionalText=""
>
  <Hotelstyles__HotelDetails>
    <Hotelstyles__HotelInfo>
      <Hotelstyles__HotelDetailsRow>
        <Hotelstyles__HotelDetailsColumnLeft>
          <Hotelstyles__HotelName />
        </Hotelstyles__HotelDetailsColumnLeft>
        <Hotelstyles__HotelDetailsColumnRight>
          <Hotelstyles__HotelRating>
            <Hotelstyles__HotelStarRating>
              <Hotelstyles__HotelStar>
                star
              </Hotelstyles__HotelStar>
               
              <Hotelstyles__HotelStarText>
                5
                 
                Star
              </Hotelstyles__HotelStarText>
            </Hotelstyles__HotelStarRating>
          </Hotelstyles__HotelRating>
        </Hotelstyles__HotelDetailsColumnRight>
      </Hotelstyles__HotelDetailsRow>
      <Hotelstyles__HotelDetailsRow>
        <Hotelstyles__HotelDetailsColumnLeft>
          <Hotelstyles__HotelDescription />
        </Hotelstyles__HotelDetailsColumnLeft>
        <Hotelstyles__HotelDetailsColumnRight />
      </Hotelstyles__HotelDetailsRow>
    </Hotelstyles__HotelInfo>
    <Hotelstyles__StyledRooms
      onRoomSelect={[Function]}
      rooms={Array []}
      selectedRooms={Object {}}
    />
  </Hotelstyles__HotelDetails>
</Hotelstyles__StyledHotel>
`;
