// Jest Snapshot v1, https://goo.gl/fbAQLP

exports[`<DropDownMenu /> render matches snapshot 1`] = `
<DropDownMenustyles__StyledDropDownMenu>
  <DropDownMenustyles__Button
    aria-haspopup="true"
    buttonRef={
      Object {
        "current": undefined,
      }
    }
    onMouseUp={[Function]}
    onTouchMove={[Function]}
  >
    <DropDownMenustyles__MaterialIcon>
      arrow_drop_down
    </DropDownMenustyles__MaterialIcon>
  </DropDownMenustyles__Button>
  <DropDownMenustyles__MaterialPopper
    anchorEl={
      Object {
        "current": undefined,
      }
    }
    disablePortal={true}
    open={false}
    transition={true}
  >
    <Component />
  </DropDownMenustyles__MaterialPopper>
</DropDownMenustyles__StyledDropDownMenu>
`;
