// Jest Snapshot v1, https://goo.gl/fbAQLP

exports[`<SearchResult /> render matches snapshot 1`] = `
<SearchResultstyles__StyledCard>
  <Link
    replace={false}
    to="/hotels/undefined"
  >
    <SearchResultstyles__CardImage
      style={
        Object {
          "backgroundImage": "url(undefined)",
        }
      }
    />
  </Link>
  <SearchResultstyles__CardDetails>
    <Link
      replace={false}
      to="/hotels/undefined"
    >
      <SearchResultstyles__CardTitle />
      <SearchResultstyles__CardRating>
        <SearchResultstyles__CardStarRating>
          <SearchResultstyles__CardStar>
            star
          </SearchResultstyles__CardStar>
           
          <SearchResultstyles__CardStarText>
             
            Star
          </SearchResultstyles__CardStarText>
        </SearchResultstyles__CardStarRating>
      </SearchResultstyles__CardRating>
      <SearchResultstyles__CardHighlights />
    </Link>
    <LinkButton
      aria-label="Show Highlights"
      data-role="linkButton.showHighlights"
      onClick={[Function]}
      role="button"
      title="Show Highlights"
    >
      + 
      Show Highlights
    </LinkButton>
  </SearchResultstyles__CardDetails>
</SearchResultstyles__StyledCard>
`;
