// Jest Snapshot v1, https://goo.gl/fbAQLP

exports[`<SearchResult /> render matches snapshot 1`] = `
<Styled(styled.article)>
  <Link
    to="/hotels/undefined"
  >
    <Styled(styled.div)
      style={
        Object {
          "backgroundImage": "url(undefined)",
        }
      }
    />
  </Link>
  <styled.div>
    <Link
      to="/hotels/undefined"
    >
      <Styled(Styled(styled.h2)) />
      <styled.div>
        <styled.div>
          <Styled(WithStyles(ForwardRef(Icon)))>
            star
          </Styled(WithStyles(ForwardRef(Icon)))>
           
          <styled.span>
             
            Star
          </styled.span>
        </styled.div>
      </styled.div>
      <styled.div />
    </Link>
    <Styled(Component)
      aria-label="See Highlights"
      data-role="linkButton.showHighlights"
      onClick={[Function]}
      role="button"
      title="Show Highlights"
    >
      + 
      See Highlights
    </Styled(Component)>
  </styled.div>
</Styled(styled.article)>
`;
