// Jest Snapshot v1, https://goo.gl/fbAQLP

exports[`<CreateAccount /> render matches snapshot 1`] = `
<Fragment>
  <ErrorBoundary />
  <Modal
    onBackdropClick={[Function]}
    onClose={[Function]}
    onEscapeKeyDown={[Function]}
    open={true}
  >
    <Connect(CreateAccountForm) />
  </Modal>
</Fragment>
`;
