// Jest Snapshot v1, https://goo.gl/fbAQLP

exports[`<LinkButton /> render matches snapshots (default props) 1`] = `
<StyledComponent
  forwardedComponent={
    Object {
      "$$typeof": Symbol(react.forward_ref),
      "attrs": Array [],
      "componentStyle": ComponentStyle {
        "componentId": "sc-hZSUBg",
        "isStatic": false,
        "rules": Array [
          "
  border: none;
  background: transparent;
  color: ",
          "#A18265",
          ";
  font-family: inherit;
  font-size: inherit;
  font-weight: ",
          "600",
          ";
  text-transform: uppercase;
  padding-left: 0;
  text-align: left;
  cursor: pointer;
  max-width: 100%;

  &:active {
    color: ",
          "#9D9591",
          ";
  }

  &:focus {
    outline: none;
  }

  &::-moz-focus-inner {
    border: 0;
  }

  & > div {
    text-overflow: ellipsis;
    white-space: nowrap;
    overflow: hidden;
  }
",
        ],
      },
      "displayName": "Styled(Component)",
      "foldedComponentIds": Array [],
      "render": [Function],
      "styledComponentId": "sc-hZSUBg",
      "target": [Function],
      "toString": [Function],
      "warnTooManyClasses": [Function],
      "withComponent": [Function],
    }
  }
  forwardedRef={null}
  title="My button"
>
  Test Button
</StyledComponent>
`;
